<html>
<body>
<pre>
<h1>µVision Build Log</h1>
<h2>Tool Versions:</h2>
IDE-Version: µVision V5.27.1.0
Copyright (C) 2019 ARM Ltd and ARM Germany GmbH. All rights reserved.
License Information: No No, yesSir, LIC=----
 
Tool Versions:
Toolchain:       MDK-Lite  Version: 5.27.1.0
Toolchain Path:  C:\Keil_v5\ARM\ARMCC\Bin
C Compiler:      Armcc.exe V5.06 update 6 (build 750)
Assembler:       Armasm.exe V5.06 update 6 (build 750)
Linker/Locator:  ArmLink.exe V5.06 update 6 (build 750)
Library Manager: ArmAr.exe V5.06 update 6 (build 750)
Hex Converter:   FromElf.exe V5.06 update 6 (build 750)
CPU DLL:         SARMCM3.DLL V5.27.1.0
Dialog DLL:      DCM.DLL V1.17.2.0
Target DLL:      lmidk-agdi.dll V???
Dialog DLL:      TCM.DLL V1.36.1.0
 
<h2>Project:</h2>
C:\Users\campb\OneDrive - Griffith University\2020\Tri 2\2303ENG\Content\Project\Thursday_Template\Lab2_Thu.uvprojx
Project File Date:  10/03/2020

<h2>Output:</h2>
*** Using Compiler 'V5.06 update 6 (build 750)', folder: 'C:\Keil_v5\ARM\ARMCC\Bin'
Build target 'Target 1'
compiling main.c...
main.h(34): warning:  #1295-D: Deprecated declaration U0_GpioSetup - give arg types
  void U0_GpioSetup();
main.h(35): warning:  #1295-D: Deprecated declaration U0_Setup - give arg types
  void U0_Setup();
main.h(36): warning:  #1295-D: Deprecated declaration U0_ReadChar - give arg types
  char U0_ReadChar();
main.h(71): warning:  #68-D: integer conversion resulted in a change of sign
  volatile uint32_t ball_x_diff = -1;
main.h(74): warning:  #68-D: integer conversion resulted in a change of sign
  volatile uint32_t ball_y_diff = -1;
main.h(156): warning:  #1-D: last line of file ends without a newline
  };
main.c(23): warning:  #68-D: integer conversion resulted in a change of sign
  			ball_x_diff = -1;
main.c(24): warning:  #68-D: integer conversion resulted in a change of sign
  			ball_y_diff = -1;
main.c(34): warning:  #68-D: integer conversion resulted in a change of sign
  			ball_x_diff = -1;
main.c(35): warning:  #68-D: integer conversion resulted in a change of sign
  			ball_y_diff = -1;
main.c(42): warning:  #68-D: integer conversion resulted in a change of sign
  			ball_x_diff *= -1;
main.c(43): warning:  #68-D: integer conversion resulted in a change of sign
  			ball_y_diff = -1;
main.c(76): warning:  #68-D: integer conversion resulted in a change of sign
  				ball_y_diff = -1;
main.c(83): warning:  #68-D: integer conversion resulted in a change of sign
  			ball_x_diff = -1;
main.c(85): warning:  #68-D: integer conversion resulted in a change of sign
  				ball_y_diff = -1;
main.c(102): warning:  #68-D: integer conversion resulted in a change of sign
  			ball_y_diff = -1;
main.c: 16 warnings, 0 errors
linking...
Program Size: Code=6552 RO-data=652 RW-data=1436 ZI-data=612  
".\Objects\Lab2_Thu.axf" - 0 Error(s), 16 Warning(s).

<h2>Software Packages used:</h2>

Package Vendor: ARM
                http://www.keil.com/pack/ARM.CMSIS.5.5.1.pack
                ARM.CMSIS.5.5.1
                CMSIS (Cortex Microcontroller Software Interface Standard)
   * Component: CORE Version: 5.2.0

Package Vendor: Keil
                http://www.keil.com/pack/Keil.TM4C_DFP.1.1.0.pack
                Keil.TM4C_DFP.1.1.0
                Texas Instruments Tiva C Series Device Support and Examples
   * Component: Startup Version: 1.0.1

<h2>Collection of Component include folders:</h2>
  .\RTE\_Target_1
  C:\Users\campb\AppData\Local\Arm\Packs\ARM\CMSIS\5.5.1\CMSIS\Core\Include
  C:\Users\campb\AppData\Local\Arm\Packs\Keil\TM4C_DFP\1.1.0\Device\Include\TM4C123

<h2>Collection of Component Files used:</h2>

   * Component: ARM::CMSIS:CORE:5.2.0

   * Component: Keil::Device:Startup:1.0.1
      Include file:  Device\Include\TM4C123\TM4C123.h
      Source file:   Device\Source\system_TM4C123.c
      Source file:   Device\Source\ARM\startup_TM4C123.s
Build Time Elapsed:  00:00:00
</pre>
</body>
</html>
