Component: ARM Compiler 5.06 update 6 (build 750) Tool: armlink [4d35ed]

==============================================================================

Section Cross References

    main.o(i.Draw_Ball) refers to main.o(i.Set_Cursor_Position) for Set_Cursor_Position
    main.o(i.Draw_Ball) refers to main.o(i.Print_CSI) for Print_CSI
    main.o(i.Draw_Ball) refers to main.o(i.Write_Num) for Write_Num
    main.o(i.Draw_Ball) refers to main.o(i.U0_WriteChar) for U0_WriteChar
    main.o(i.Draw_Ball) refers to main.o(.data) for ball_x
    main.o(i.Draw_Left_Paddle) refers to main.o(i.Set_Cursor_Position) for Set_Cursor_Position
    main.o(i.Draw_Left_Paddle) refers to main.o(i.Print_CSI) for Print_CSI
    main.o(i.Draw_Left_Paddle) refers to main.o(i.Write_Num) for Write_Num
    main.o(i.Draw_Left_Paddle) refers to main.o(i.U0_WriteChar) for U0_WriteChar
    main.o(i.Draw_Left_Paddle) refers to main.o(.data) for left_position
    main.o(i.Draw_Left_Score) refers to main.o(i.Print_CSI) for Print_CSI
    main.o(i.Draw_Left_Score) refers to main.o(i.Write_Num) for Write_Num
    main.o(i.Draw_Left_Score) refers to main.o(i.U0_WriteChar) for U0_WriteChar
    main.o(i.Draw_Left_Score) refers to main.o(i.Set_Cursor_Position) for Set_Cursor_Position
    main.o(i.Draw_Left_Score) refers to main.o(i.Print_Message) for Print_Message
    main.o(i.Draw_Left_Score) refers to main.o(.data) for number_0
    main.o(i.Draw_Right_Paddle) refers to main.o(i.Set_Cursor_Position) for Set_Cursor_Position
    main.o(i.Draw_Right_Paddle) refers to main.o(i.Print_CSI) for Print_CSI
    main.o(i.Draw_Right_Paddle) refers to main.o(i.Write_Num) for Write_Num
    main.o(i.Draw_Right_Paddle) refers to main.o(i.U0_WriteChar) for U0_WriteChar
    main.o(i.Draw_Right_Paddle) refers to main.o(.data) for right_position
    main.o(i.Draw_Right_Score) refers to main.o(i.Print_CSI) for Print_CSI
    main.o(i.Draw_Right_Score) refers to main.o(i.Write_Num) for Write_Num
    main.o(i.Draw_Right_Score) refers to main.o(i.U0_WriteChar) for U0_WriteChar
    main.o(i.Draw_Right_Score) refers to main.o(i.Set_Cursor_Position) for Set_Cursor_Position
    main.o(i.Draw_Right_Score) refers to main.o(i.Print_Message) for Print_Message
    main.o(i.Draw_Right_Score) refers to main.o(.data) for number_0
    main.o(i.Map_Paddle_80p_Range) refers to dflt_clz.o(x$fpl$dfltu) for __aeabi_ui2d
    main.o(i.Map_Paddle_80p_Range) refers to dmul.o(x$fpl$dmul) for __aeabi_dmul
    main.o(i.Map_Paddle_80p_Range) refers to daddsub_clz.o(x$fpl$dsub) for __aeabi_dsub
    main.o(i.Map_Paddle_80p_Range) refers to dfix.o(x$fpl$dfix) for __aeabi_d2iz
    main.o(i.Print_CSI) refers to main.o(i.U0_WriteChar) for U0_WriteChar
    main.o(i.Print_Message) refers to main.o(i.U0_WriteChar) for U0_WriteChar
    main.o(i.Print_Winner) refers to main.o(i.Print_CSI) for Print_CSI
    main.o(i.Print_Winner) refers to main.o(i.Write_Num) for Write_Num
    main.o(i.Print_Winner) refers to main.o(i.U0_WriteChar) for U0_WriteChar
    main.o(i.Print_Winner) refers to main.o(i.Set_Cursor_Position) for Set_Cursor_Position
    main.o(i.Print_Winner) refers to main.o(i.Print_Message) for Print_Message
    main.o(i.Print_Winner) refers to main.o(.data) for blue_won
    main.o(i.Set_Cursor_Position) refers to main.o(i.Print_CSI) for Print_CSI
    main.o(i.Set_Cursor_Position) refers to main.o(i.Write_Num) for Write_Num
    main.o(i.Set_Cursor_Position) refers to main.o(i.U0_WriteChar) for U0_WriteChar
    main.o(i.SysTick_Handler) refers to main.o(i.Print_CSI) for Print_CSI
    main.o(i.SysTick_Handler) refers to main.o(i.U0_WriteChar) for U0_WriteChar
    main.o(i.SysTick_Handler) refers to main.o(i.Draw_Left_Score) for Draw_Left_Score
    main.o(i.SysTick_Handler) refers to main.o(i.Draw_Right_Score) for Draw_Right_Score
    main.o(i.SysTick_Handler) refers to main.o(i.Draw_Left_Paddle) for Draw_Left_Paddle
    main.o(i.SysTick_Handler) refers to main.o(i.Draw_Right_Paddle) for Draw_Right_Paddle
    main.o(i.SysTick_Handler) refers to main.o(i.Draw_Ball) for Draw_Ball
    main.o(i.SysTick_Handler) refers to main.o(i.Print_Winner) for Print_Winner
    main.o(i.SysTick_Handler) refers to main.o(i.U0_ReadChar) for U0_ReadChar
    main.o(i.SysTick_Handler) refers to main.o(.data) for run
    main.o(i.TIMER0A_Handler) refers to main.o(i.Map_Paddle_80p_Range) for Map_Paddle_80p_Range
    main.o(i.TIMER0A_Handler) refers to dflt_clz.o(x$fpl$dfltu) for __aeabi_ui2d
    main.o(i.TIMER0A_Handler) refers to ddiv.o(x$fpl$ddiv) for __aeabi_ddiv
    main.o(i.TIMER0A_Handler) refers to dmul.o(x$fpl$dmul) for __aeabi_dmul
    main.o(i.TIMER0A_Handler) refers to dfixu.o(x$fpl$dfixu) for __aeabi_d2uiz
    main.o(i.TIMER0A_Handler) refers to main.o(.data) for run
    main.o(i.TIMER1A_Handler) refers to main.o(.data) for run
    main.o(i.TIMER2A_Handler) refers to main.o(.data) for left_score
    main.o(i.Write_Num) refers to main.o(i.U0_WriteChar) for U0_WriteChar
    main.o(i.main) refers to main.o(.text.SetSysClock_80MHz) for SetSysClock_80MHz
    main.o(i.main) refers to main.o(i.Setup_Potentiometers) for Setup_Potentiometers
    main.o(i.main) refers to main.o(i.U0_GpioSetup) for U0_GpioSetup
    main.o(i.main) refers to main.o(i.U0_Setup) for U0_Setup
    main.o(i.main) refers to main.o(i.Setup_SysTick) for Setup_SysTick
    main.o(i.main) refers to main.o(i.Setup_Ball) for Setup_Ball
    main.o(i.main) refers to main.o(i.Setup_LED_Score) for Setup_LED_Score
    main.o(i.main) refers to main.o(i.Print_CSI) for Print_CSI
    main.o(i.main) refers to main.o(i.U0_WriteChar) for U0_WriteChar
    main.o(i.main) refers to main.o(i.Set_Cursor_Position) for Set_Cursor_Position
    main.o(i.main) refers to main.o(i.Write_Num) for Write_Num
    main.o(i.main) refers to main.o(i.Print_Message) for Print_Message
    main.o(i.main) refers to main.o(i.U0_ReadChar) for U0_ReadChar
    startup_tm4c123.o(STACK) refers (Special) to heapauxi.o(.text) for __use_two_region_memory
    startup_tm4c123.o(HEAP) refers (Special) to heapauxi.o(.text) for __use_two_region_memory
    startup_tm4c123.o(RESET) refers (Special) to heapauxi.o(.text) for __use_two_region_memory
    startup_tm4c123.o(RESET) refers to startup_tm4c123.o(STACK) for __initial_sp
    startup_tm4c123.o(RESET) refers to startup_tm4c123.o(.text) for Reset_Handler
    startup_tm4c123.o(RESET) refers to main.o(i.SysTick_Handler) for SysTick_Handler
    startup_tm4c123.o(RESET) refers to main.o(i.TIMER0A_Handler) for TIMER0A_Handler
    startup_tm4c123.o(RESET) refers to main.o(i.TIMER1A_Handler) for TIMER1A_Handler
    startup_tm4c123.o(RESET) refers to main.o(i.TIMER2A_Handler) for TIMER2A_Handler
    startup_tm4c123.o(.text) refers (Special) to heapauxi.o(.text) for __use_two_region_memory
    startup_tm4c123.o(.text) refers to system_tm4c123.o(i.SystemInit) for SystemInit
    startup_tm4c123.o(.text) refers to __main.o(!!!main) for __main
    startup_tm4c123.o(.text) refers to startup_tm4c123.o(HEAP) for Heap_Mem
    startup_tm4c123.o(.text) refers to startup_tm4c123.o(STACK) for Stack_Mem
    system_tm4c123.o(i.SystemCoreClockUpdate) refers to system_tm4c123.o(i.getOscClk) for getOscClk
    system_tm4c123.o(i.SystemCoreClockUpdate) refers to system_tm4c123.o(.data) for SystemCoreClock
    main.o(.text.SetSysClock_80MHz) refers to sysctl.o(i.SysCtlClockSet) for SysCtlClockSet
    main.o(.ARM.exidx.text.SetSysClock_80MHz) refers to main.o(.text.SetSysClock_80MHz) for [Anonymous Symbol]
    sysctl.o(i.SysCtlClockFreqSet) refers to sysctl.o(.constdata) for .constdata
    sysctl.o(i.SysCtlClockGet) refers to sysctl.o(.constdata) for .constdata
    sysctl.o(i.SysCtlClockSet) refers to sysctl.o(.emb_text) for SysCtlDelay
    sysctl.o(i.SysCtlDeepSleep) refers to cpu.o(.emb_text) for CPUwfi
    sysctl.o(i.SysCtlIntRegister) refers to interrupt.o(i.IntRegister) for IntRegister
    sysctl.o(i.SysCtlIntRegister) refers to interrupt.o(i.IntEnable) for IntEnable
    sysctl.o(i.SysCtlIntUnregister) refers to interrupt.o(i.IntDisable) for IntDisable
    sysctl.o(i.SysCtlIntUnregister) refers to interrupt.o(i.IntUnregister) for IntUnregister
    sysctl.o(i.SysCtlSleep) refers to cpu.o(.emb_text) for CPUwfi
    sysctl.o(i.SysCtlVCOGet) refers to sysctl.o(.constdata) for .constdata
    interrupt.o(i.IntDisable) refers to interrupt.o(.constdata) for .constdata
    interrupt.o(i.IntEnable) refers to interrupt.o(.constdata) for .constdata
    interrupt.o(i.IntIsEnabled) refers to interrupt.o(.constdata) for .constdata
    interrupt.o(i.IntMasterDisable) refers to cpu.o(.emb_text) for CPUcpsid
    interrupt.o(i.IntMasterEnable) refers to cpu.o(.emb_text) for CPUcpsie
    interrupt.o(i.IntPendClear) refers to interrupt.o(.constdata) for .constdata
    interrupt.o(i.IntPendSet) refers to interrupt.o(.constdata) for .constdata
    interrupt.o(i.IntPriorityGet) refers to interrupt.o(.constdata) for .constdata
    interrupt.o(i.IntPriorityGroupingGet) refers to interrupt.o(.constdata) for .constdata
    interrupt.o(i.IntPriorityGroupingSet) refers to interrupt.o(.constdata) for .constdata
    interrupt.o(i.IntPriorityMaskGet) refers to cpu.o(.emb_text) for CPUbasepriGet
    interrupt.o(i.IntPriorityMaskSet) refers to cpu.o(.emb_text) for CPUbasepriSet
    interrupt.o(i.IntPrioritySet) refers to interrupt.o(.constdata) for .constdata
    interrupt.o(i.IntRegister) refers to interrupt.o(vtable) for vtable
    interrupt.o(i.IntUnregister) refers to interrupt.o(i._IntDefaultHandler) for _IntDefaultHandler
    interrupt.o(i.IntUnregister) refers to interrupt.o(vtable) for vtable
    __main.o(!!!main) refers to __rtentry.o(.ARM.Collect$$rtentry$$00000000) for __rt_entry
    daddsub_clz.o(x$fpl$dadd) refers (Special) to usenofp.o(x$fpl$usenofp) for __I$use$fp
    daddsub_clz.o(x$fpl$dadd) refers to daddsub_clz.o(x$fpl$dsub) for _dsub1
    daddsub_clz.o(x$fpl$dadd) refers to dretinf.o(x$fpl$dretinf) for __fpl_dretinf
    daddsub_clz.o(x$fpl$dadd) refers to dnaninf.o(x$fpl$dnaninf) for __fpl_dnaninf
    daddsub_clz.o(x$fpl$drsb) refers (Special) to usenofp.o(x$fpl$usenofp) for __I$use$fp
    daddsub_clz.o(x$fpl$drsb) refers to daddsub_clz.o(x$fpl$dadd) for _dadd1
    daddsub_clz.o(x$fpl$drsb) refers to daddsub_clz.o(x$fpl$dsub) for _dsub1
    daddsub_clz.o(x$fpl$dsub) refers (Special) to usenofp.o(x$fpl$usenofp) for __I$use$fp
    daddsub_clz.o(x$fpl$dsub) refers to daddsub_clz.o(x$fpl$dadd) for _dadd1
    daddsub_clz.o(x$fpl$dsub) refers to dnaninf.o(x$fpl$dnaninf) for __fpl_dnaninf
    ddiv.o(x$fpl$drdiv) refers (Special) to usenofp.o(x$fpl$usenofp) for __I$use$fp
    ddiv.o(x$fpl$drdiv) refers to ddiv.o(x$fpl$ddiv) for ddiv_entry
    ddiv.o(x$fpl$ddiv) refers (Special) to usenofp.o(x$fpl$usenofp) for __I$use$fp
    ddiv.o(x$fpl$ddiv) refers to dretinf.o(x$fpl$dretinf) for __fpl_dretinf
    ddiv.o(x$fpl$ddiv) refers to dnaninf.o(x$fpl$dnaninf) for __fpl_dnaninf
    dfix.o(x$fpl$dfix) refers (Special) to usenofp.o(x$fpl$usenofp) for __I$use$fp
    dfix.o(x$fpl$dfix) refers to dnaninf.o(x$fpl$dnaninf) for __fpl_dnaninf
    dfix.o(x$fpl$dfixr) refers (Special) to usenofp.o(x$fpl$usenofp) for __I$use$fp
    dfix.o(x$fpl$dfixr) refers to dnaninf.o(x$fpl$dnaninf) for __fpl_dnaninf
    dfixu.o(x$fpl$dfixu) refers (Special) to usenofp.o(x$fpl$usenofp) for __I$use$fp
    dfixu.o(x$fpl$dfixu) refers to dnaninf.o(x$fpl$dnaninf) for __fpl_dnaninf
    dfixu.o(x$fpl$dfixur) refers (Special) to usenofp.o(x$fpl$usenofp) for __I$use$fp
    dfixu.o(x$fpl$dfixur) refers to dnaninf.o(x$fpl$dnaninf) for __fpl_dnaninf
    dflt_clz.o(x$fpl$dfltu) refers (Special) to usenofp.o(x$fpl$usenofp) for __I$use$fp
    dflt_clz.o(x$fpl$dflt) refers (Special) to usenofp.o(x$fpl$usenofp) for __I$use$fp
    dflt_clz.o(x$fpl$dfltn) refers (Special) to usenofp.o(x$fpl$usenofp) for __I$use$fp
    dmul.o(x$fpl$dmul) refers (Special) to usenofp.o(x$fpl$usenofp) for __I$use$fp
    dmul.o(x$fpl$dmul) refers to dretinf.o(x$fpl$dretinf) for __fpl_dretinf
    dmul.o(x$fpl$dmul) refers to dnaninf.o(x$fpl$dnaninf) for __fpl_dnaninf
    __rtentry.o(.ARM.Collect$$rtentry$$00000000) refers (Special) to __rtentry2.o(.ARM.Collect$$rtentry$$0000000A) for __rt_entry_li
    __rtentry.o(.ARM.Collect$$rtentry$$00000000) refers (Special) to __rtentry2.o(.ARM.Collect$$rtentry$$0000000D) for __rt_entry_main
    __rtentry.o(.ARM.Collect$$rtentry$$00000000) refers (Special) to __rtentry2.o(.ARM.Collect$$rtentry$$0000000C) for __rt_entry_postli_1
    __rtentry.o(.ARM.Collect$$rtentry$$00000000) refers (Special) to __rtentry2.o(.ARM.Collect$$rtentry$$00000009) for __rt_entry_postsh_1
    __rtentry.o(.ARM.Collect$$rtentry$$00000000) refers (Special) to __rtentry2.o(.ARM.Collect$$rtentry$$00000002) for __rt_entry_presh_1
    __rtentry.o(.ARM.Collect$$rtentry$$00000000) refers (Special) to __rtentry4.o(.ARM.Collect$$rtentry$$00000004) for __rt_entry_sh
    dnaninf.o(x$fpl$dnaninf) refers (Special) to usenofp.o(x$fpl$usenofp) for __I$use$fp
    dretinf.o(x$fpl$dretinf) refers (Special) to usenofp.o(x$fpl$usenofp) for __I$use$fp
    __rtentry2.o(.ARM.Collect$$rtentry$$00000008) refers to boardinit2.o(.text) for _platform_post_stackheap_init
    __rtentry2.o(.ARM.Collect$$rtentry$$0000000A) refers to libinit.o(.ARM.Collect$$libinit$$00000000) for __rt_lib_init
    __rtentry2.o(.ARM.Collect$$rtentry$$0000000B) refers to boardinit3.o(.text) for _platform_post_lib_init
    __rtentry2.o(.ARM.Collect$$rtentry$$0000000D) refers to main.o(i.main) for main
    __rtentry2.o(.ARM.Collect$$rtentry$$0000000D) refers to exit.o(.text) for exit
    __rtentry2.o(.ARM.exidx) refers to __rtentry2.o(.ARM.Collect$$rtentry$$00000001) for .ARM.Collect$$rtentry$$00000001
    __rtentry2.o(.ARM.exidx) refers to __rtentry2.o(.ARM.Collect$$rtentry$$00000008) for .ARM.Collect$$rtentry$$00000008
    __rtentry2.o(.ARM.exidx) refers to __rtentry2.o(.ARM.Collect$$rtentry$$0000000A) for .ARM.Collect$$rtentry$$0000000A
    __rtentry2.o(.ARM.exidx) refers to __rtentry2.o(.ARM.Collect$$rtentry$$0000000B) for .ARM.Collect$$rtentry$$0000000B
    __rtentry2.o(.ARM.exidx) refers to __rtentry2.o(.ARM.Collect$$rtentry$$0000000D) for .ARM.Collect$$rtentry$$0000000D
    __rtentry4.o(.ARM.Collect$$rtentry$$00000004) refers to sys_stackheap_outer.o(.text) for __user_setup_stackheap
    __rtentry4.o(.ARM.exidx) refers to __rtentry4.o(.ARM.Collect$$rtentry$$00000004) for .ARM.Collect$$rtentry$$00000004
    sys_stackheap_outer.o(.text) refers to libspace.o(.text) for __user_perproc_libspace
    sys_stackheap_outer.o(.text) refers to startup_tm4c123.o(.text) for __user_initial_stackheap
    exit.o(.text) refers to rtexit.o(.ARM.Collect$$rtexit$$00000000) for __rt_exit
    libinit.o(.ARM.Collect$$libinit$$00000000) refers (Special) to libinit2.o(.ARM.Collect$$libinit$$0000002E) for __rt_lib_init_alloca_1
    libinit.o(.ARM.Collect$$libinit$$00000000) refers (Special) to libinit2.o(.ARM.Collect$$libinit$$0000002C) for __rt_lib_init_argv_1
    libinit.o(.ARM.Collect$$libinit$$00000000) refers (Special) to libinit2.o(.ARM.Collect$$libinit$$0000001B) for __rt_lib_init_atexit_1
    libinit.o(.ARM.Collect$$libinit$$00000000) refers (Special) to libinit2.o(.ARM.Collect$$libinit$$00000021) for __rt_lib_init_clock_1
    libinit.o(.ARM.Collect$$libinit$$00000000) refers (Special) to libinit2.o(.ARM.Collect$$libinit$$00000032) for __rt_lib_init_cpp_1
    libinit.o(.ARM.Collect$$libinit$$00000000) refers (Special) to libinit2.o(.ARM.Collect$$libinit$$00000030) for __rt_lib_init_exceptions_1
    libinit.o(.ARM.Collect$$libinit$$00000000) refers (Special) to libinit2.o(.ARM.Collect$$libinit$$00000001) for __rt_lib_init_fp_1
    libinit.o(.ARM.Collect$$libinit$$00000000) refers (Special) to libinit2.o(.ARM.Collect$$libinit$$0000001F) for __rt_lib_init_fp_trap_1
    libinit.o(.ARM.Collect$$libinit$$00000000) refers (Special) to libinit2.o(.ARM.Collect$$libinit$$00000023) for __rt_lib_init_getenv_1
    libinit.o(.ARM.Collect$$libinit$$00000000) refers (Special) to libinit2.o(.ARM.Collect$$libinit$$0000000A) for __rt_lib_init_heap_1
    libinit.o(.ARM.Collect$$libinit$$00000000) refers (Special) to libinit2.o(.ARM.Collect$$libinit$$00000011) for __rt_lib_init_lc_collate_1
    libinit.o(.ARM.Collect$$libinit$$00000000) refers (Special) to libinit2.o(.ARM.Collect$$libinit$$00000013) for __rt_lib_init_lc_ctype_1
    libinit.o(.ARM.Collect$$libinit$$00000000) refers (Special) to libinit2.o(.ARM.Collect$$libinit$$00000015) for __rt_lib_init_lc_monetary_1
    libinit.o(.ARM.Collect$$libinit$$00000000) refers (Special) to libinit2.o(.ARM.Collect$$libinit$$00000017) for __rt_lib_init_lc_numeric_1
    libinit.o(.ARM.Collect$$libinit$$00000000) refers (Special) to libinit2.o(.ARM.Collect$$libinit$$00000019) for __rt_lib_init_lc_time_1
    libinit.o(.ARM.Collect$$libinit$$00000000) refers (Special) to libinit2.o(.ARM.Collect$$libinit$$00000004) for __rt_lib_init_preinit_1
    libinit.o(.ARM.Collect$$libinit$$00000000) refers (Special) to libinit2.o(.ARM.Collect$$libinit$$0000000E) for __rt_lib_init_rand_1
    libinit.o(.ARM.Collect$$libinit$$00000000) refers (Special) to libinit2.o(.ARM.Collect$$libinit$$00000033) for __rt_lib_init_return
    libinit.o(.ARM.Collect$$libinit$$00000000) refers (Special) to libinit2.o(.ARM.Collect$$libinit$$0000001D) for __rt_lib_init_signal_1
    libinit.o(.ARM.Collect$$libinit$$00000000) refers (Special) to libinit2.o(.ARM.Collect$$libinit$$00000025) for __rt_lib_init_stdio_1
    libinit.o(.ARM.Collect$$libinit$$00000000) refers (Special) to libinit2.o(.ARM.Collect$$libinit$$0000000C) for __rt_lib_init_user_alloc_1
    libspace.o(.text) refers to libspace.o(.bss) for __libspace_start
    rtexit.o(.ARM.Collect$$rtexit$$00000000) refers (Special) to rtexit2.o(.ARM.Collect$$rtexit$$00000004) for __rt_exit_exit
    rtexit.o(.ARM.Collect$$rtexit$$00000000) refers (Special) to rtexit2.o(.ARM.Collect$$rtexit$$00000003) for __rt_exit_ls
    rtexit.o(.ARM.Collect$$rtexit$$00000000) refers (Special) to rtexit2.o(.ARM.Collect$$rtexit$$00000002) for __rt_exit_prels_1
    rtexit.o(.ARM.exidx) refers (Special) to rtexit2.o(.ARM.Collect$$rtexit$$00000004) for __rt_exit_exit
    rtexit.o(.ARM.exidx) refers (Special) to rtexit2.o(.ARM.Collect$$rtexit$$00000003) for __rt_exit_ls
    rtexit.o(.ARM.exidx) refers (Special) to rtexit2.o(.ARM.Collect$$rtexit$$00000002) for __rt_exit_prels_1
    rtexit.o(.ARM.exidx) refers to rtexit.o(.ARM.Collect$$rtexit$$00000000) for .ARM.Collect$$rtexit$$00000000
    libinit2.o(.ARM.Collect$$libinit$$00000001) refers to fpinit.o(x$fpl$fpinit) for _fp_init
    libinit2.o(.ARM.Collect$$libinit$$00000010) refers to libinit2.o(.ARM.Collect$$libinit$$0000000F) for .ARM.Collect$$libinit$$0000000F
    libinit2.o(.ARM.Collect$$libinit$$00000012) refers to libinit2.o(.ARM.Collect$$libinit$$0000000F) for .ARM.Collect$$libinit$$0000000F
    libinit2.o(.ARM.Collect$$libinit$$00000014) refers to libinit2.o(.ARM.Collect$$libinit$$0000000F) for .ARM.Collect$$libinit$$0000000F
    libinit2.o(.ARM.Collect$$libinit$$00000016) refers to libinit2.o(.ARM.Collect$$libinit$$0000000F) for .ARM.Collect$$libinit$$0000000F
    libinit2.o(.ARM.Collect$$libinit$$00000018) refers to libinit2.o(.ARM.Collect$$libinit$$0000000F) for .ARM.Collect$$libinit$$0000000F
    libinit2.o(.ARM.Collect$$libinit$$00000026) refers to argv_veneer.o(.emb_text) for __ARM_argv_veneer
    libinit2.o(.ARM.Collect$$libinit$$00000027) refers to argv_veneer.o(.emb_text) for __ARM_argv_veneer
    rtexit2.o(.ARM.Collect$$rtexit$$00000003) refers to libshutdown.o(.ARM.Collect$$libshutdown$$00000000) for __rt_lib_shutdown
    rtexit2.o(.ARM.Collect$$rtexit$$00000004) refers to sys_exit.o(.text) for _sys_exit
    rtexit2.o(.ARM.exidx) refers to rtexit2.o(.ARM.Collect$$rtexit$$00000001) for .ARM.Collect$$rtexit$$00000001
    rtexit2.o(.ARM.exidx) refers to rtexit2.o(.ARM.Collect$$rtexit$$00000003) for .ARM.Collect$$rtexit$$00000003
    rtexit2.o(.ARM.exidx) refers to rtexit2.o(.ARM.Collect$$rtexit$$00000004) for .ARM.Collect$$rtexit$$00000004
    argv_veneer.o(.emb_text) refers to no_argv.o(.text) for __ARM_get_argv
    sys_exit.o(.text) refers (Special) to use_no_semi.o(.text) for __I$use$semihosting
    sys_exit.o(.text) refers (Special) to indicate_semi.o(.text) for __semihosting_library_function
    _get_argv_nomalloc.o(.text) refers (Special) to hrguard.o(.text) for __heap_region$guard
    _get_argv_nomalloc.o(.text) refers to defsig_rtmem_outer.o(.text) for __rt_SIGRTMEM
    _get_argv_nomalloc.o(.text) refers to sys_command.o(.text) for _sys_command_string
    libshutdown.o(.ARM.Collect$$libshutdown$$00000000) refers (Special) to libshutdown2.o(.ARM.Collect$$libshutdown$$00000002) for __rt_lib_shutdown_cpp_1
    libshutdown.o(.ARM.Collect$$libshutdown$$00000000) refers (Special) to libshutdown2.o(.ARM.Collect$$libshutdown$$00000007) for __rt_lib_shutdown_fp_trap_1
    libshutdown.o(.ARM.Collect$$libshutdown$$00000000) refers (Special) to libshutdown2.o(.ARM.Collect$$libshutdown$$0000000F) for __rt_lib_shutdown_heap_1
    libshutdown.o(.ARM.Collect$$libshutdown$$00000000) refers (Special) to libshutdown2.o(.ARM.Collect$$libshutdown$$00000010) for __rt_lib_shutdown_return
    libshutdown.o(.ARM.Collect$$libshutdown$$00000000) refers (Special) to libshutdown2.o(.ARM.Collect$$libshutdown$$0000000A) for __rt_lib_shutdown_signal_1
    libshutdown.o(.ARM.Collect$$libshutdown$$00000000) refers (Special) to libshutdown2.o(.ARM.Collect$$libshutdown$$00000004) for __rt_lib_shutdown_stdio_1
    libshutdown.o(.ARM.Collect$$libshutdown$$00000000) refers (Special) to libshutdown2.o(.ARM.Collect$$libshutdown$$0000000C) for __rt_lib_shutdown_user_alloc_1
    sys_command.o(.text) refers (Special) to use_no_semi.o(.text) for __I$use$semihosting
    sys_command.o(.text) refers (Special) to indicate_semi.o(.text) for __semihosting_library_function
    defsig_rtmem_outer.o(.text) refers to defsig_rtmem_inner.o(.text) for __rt_SIGRTMEM_inner
    defsig_rtmem_outer.o(.text) refers to defsig_exit.o(.text) for __sig_exit
    defsig_rtmem_formal.o(.text) refers to rt_raise.o(.text) for __rt_raise
    rt_raise.o(.text) refers to __raise.o(.text) for __raise
    rt_raise.o(.text) refers to sys_exit.o(.text) for _sys_exit
    defsig_exit.o(.text) refers to sys_exit.o(.text) for _sys_exit
    defsig_rtmem_inner.o(.text) refers to defsig_general.o(.text) for __default_signal_display
    __raise.o(.text) refers to defsig.o(CL$$defsig) for __default_signal_handler
    defsig_general.o(.text) refers to sys_wrch.o(.text) for _ttywrch
    sys_wrch.o(.text) refers (Special) to use_no_semi.o(.text) for __I$use$semihosting
    sys_wrch.o(.text) refers (Special) to indicate_semi.o(.text) for __semihosting_library_function
    defsig.o(CL$$defsig) refers to defsig_rtmem_inner.o(.text) for __rt_SIGRTMEM_inner
    defsig_abrt_inner.o(.text) refers to defsig_general.o(.text) for __default_signal_display
    defsig_fpe_inner.o(.text) refers to defsig_general.o(.text) for __default_signal_display
    defsig_rtred_inner.o(.text) refers to defsig_general.o(.text) for __default_signal_display
    defsig_stak_inner.o(.text) refers to defsig_general.o(.text) for __default_signal_display
    defsig_pvfn_inner.o(.text) refers to defsig_general.o(.text) for __default_signal_display
    defsig_cppl_inner.o(.text) refers to defsig_general.o(.text) for __default_signal_display
    defsig_segv_inner.o(.text) refers to defsig_general.o(.text) for __default_signal_display
    defsig_other.o(.text) refers to defsig_general.o(.text) for __default_signal_display


==============================================================================

Removing Unused input sections from the image.

    Removing main.o(.rev16_text), (4 bytes).
    Removing main.o(.revsh_text), (4 bytes).
    Removing main.o(.rrx_text), (6 bytes).
    Removing main.o(i.U0_Write_Hex), (32 bytes).
    Removing system_tm4c123.o(.rev16_text), (4 bytes).
    Removing system_tm4c123.o(.revsh_text), (4 bytes).
    Removing system_tm4c123.o(.rrx_text), (6 bytes).
    Removing system_tm4c123.o(i.SystemCoreClockUpdate), (196 bytes).
    Removing system_tm4c123.o(i.getOscClk), (244 bytes).
    Removing system_tm4c123.o(.data), (4 bytes).
    Removing main.o(.text), (0 bytes).
    Removing main.o(.ARM.exidx.text.SetSysClock_80MHz), (8 bytes).
    Removing sysctl.o(i.SysCtlAltClkConfig), (12 bytes).
    Removing sysctl.o(i.SysCtlClockFreqSet), (740 bytes).
    Removing sysctl.o(i.SysCtlClockGet), (340 bytes).
    Removing sysctl.o(i.SysCtlClockOutConfig), (20 bytes).
    Removing sysctl.o(i.SysCtlDeepSleep), (32 bytes).
    Removing sysctl.o(i.SysCtlDeepSleepClockConfigSet), (112 bytes).
    Removing sysctl.o(i.SysCtlDeepSleepClockSet), (12 bytes).
    Removing sysctl.o(i.SysCtlDeepSleepPowerSet), (12 bytes).
    Removing sysctl.o(i.SysCtlFlashSectorSizeGet), (56 bytes).
    Removing sysctl.o(i.SysCtlFlashSizeGet), (56 bytes).
    Removing sysctl.o(i.SysCtlGPIOAHBDisable), (28 bytes).
    Removing sysctl.o(i.SysCtlGPIOAHBEnable), (24 bytes).
    Removing sysctl.o(i.SysCtlIntClear), (12 bytes).
    Removing sysctl.o(i.SysCtlIntDisable), (16 bytes).
    Removing sysctl.o(i.SysCtlIntEnable), (16 bytes).
    Removing sysctl.o(i.SysCtlIntRegister), (20 bytes).
    Removing sysctl.o(i.SysCtlIntStatus), (16 bytes).
    Removing sysctl.o(i.SysCtlIntUnregister), (18 bytes).
    Removing sysctl.o(i.SysCtlLDODeepSleepGet), (12 bytes).
    Removing sysctl.o(i.SysCtlLDODeepSleepSet), (12 bytes).
    Removing sysctl.o(i.SysCtlLDOSleepGet), (12 bytes).
    Removing sysctl.o(i.SysCtlLDOSleepSet), (12 bytes).
    Removing sysctl.o(i.SysCtlMOSCConfigSet), (12 bytes).
    Removing sysctl.o(i.SysCtlNMIClear), (16 bytes).
    Removing sysctl.o(i.SysCtlNMIStatus), (12 bytes).
    Removing sysctl.o(i.SysCtlPIOSCCalibrate), (76 bytes).
    Removing sysctl.o(i.SysCtlPWMClockGet), (24 bytes).
    Removing sysctl.o(i.SysCtlPWMClockSet), (20 bytes).
    Removing sysctl.o(i.SysCtlPeripheralClockGating), (68 bytes).
    Removing sysctl.o(i.SysCtlPeripheralDeepSleepDisable), (40 bytes).
    Removing sysctl.o(i.SysCtlPeripheralDeepSleepEnable), (40 bytes).
    Removing sysctl.o(i.SysCtlPeripheralDisable), (40 bytes).
    Removing sysctl.o(i.SysCtlPeripheralEnable), (40 bytes).
    Removing sysctl.o(i.SysCtlPeripheralPowerOff), (40 bytes).
    Removing sysctl.o(i.SysCtlPeripheralPowerOn), (40 bytes).
    Removing sysctl.o(i.SysCtlPeripheralPresent), (44 bytes).
    Removing sysctl.o(i.SysCtlPeripheralReady), (44 bytes).
    Removing sysctl.o(i.SysCtlPeripheralReset), (60 bytes).
    Removing sysctl.o(i.SysCtlPeripheralSleepDisable), (40 bytes).
    Removing sysctl.o(i.SysCtlPeripheralSleepEnable), (40 bytes).
    Removing sysctl.o(i.SysCtlReset), (16 bytes).
    Removing sysctl.o(i.SysCtlResetBehaviorGet), (12 bytes).
    Removing sysctl.o(i.SysCtlResetBehaviorSet), (12 bytes).
    Removing sysctl.o(i.SysCtlResetCauseClear), (16 bytes).
    Removing sysctl.o(i.SysCtlResetCauseGet), (12 bytes).
    Removing sysctl.o(i.SysCtlSRAMSizeGet), (16 bytes).
    Removing sysctl.o(i.SysCtlSleep), (4 bytes).
    Removing sysctl.o(i.SysCtlSleepPowerSet), (12 bytes).
    Removing sysctl.o(i.SysCtlUSBPLLDisable), (16 bytes).
    Removing sysctl.o(i.SysCtlUSBPLLEnable), (16 bytes).
    Removing sysctl.o(i.SysCtlVCOGet), (120 bytes).
    Removing sysctl.o(i.SysCtlVoltageEventClear), (16 bytes).
    Removing sysctl.o(i.SysCtlVoltageEventConfig), (12 bytes).
    Removing sysctl.o(i.SysCtlVoltageEventStatus), (12 bytes).
    Removing sysctl.o(.constdata), (596 bytes).
    Removing cpu.o(.emb_text), (38 bytes).
    Removing interrupt.o(i.IntDisable), (100 bytes).
    Removing interrupt.o(i.IntEnable), (100 bytes).
    Removing interrupt.o(i.IntIsEnabled), (96 bytes).
    Removing interrupt.o(i.IntMasterDisable), (14 bytes).
    Removing interrupt.o(i.IntMasterEnable), (14 bytes).
    Removing interrupt.o(i.IntPendClear), (68 bytes).
    Removing interrupt.o(i.IntPendSet), (84 bytes).
    Removing interrupt.o(i.IntPriorityGet), (28 bytes).
    Removing interrupt.o(i.IntPriorityGroupingGet), (36 bytes).
    Removing interrupt.o(i.IntPriorityGroupingSet), (28 bytes).
    Removing interrupt.o(i.IntPriorityMaskGet), (4 bytes).
    Removing interrupt.o(i.IntPriorityMaskSet), (4 bytes).
    Removing interrupt.o(i.IntPrioritySet), (40 bytes).
    Removing interrupt.o(i.IntRegister), (52 bytes).
    Removing interrupt.o(i.IntTrigger), (12 bytes).
    Removing interrupt.o(i.IntUnregister), (20 bytes).
    Removing interrupt.o(i._IntDefaultHandler), (2 bytes).
    Removing interrupt.o(.constdata), (268 bytes).
    Removing interrupt.o(vtable), (620 bytes).

87 unused section(s) (total 5314 bytes) removed from the image.

==============================================================================

Image Symbol Table

    Local Symbols

    Symbol Name                              Value     Ov Type        Size  Object(Section)

    RESET                                    0x00000000   Section      620  startup_tm4c123.o(RESET)
    ../clib/angel/boardlib.s                 0x00000000   Number         0  boardinit3.o ABSOLUTE
    ../clib/angel/boardlib.s                 0x00000000   Number         0  boardinit1.o ABSOLUTE
    ../clib/angel/boardlib.s                 0x00000000   Number         0  boardinit2.o ABSOLUTE
    ../clib/angel/boardlib.s                 0x00000000   Number         0  boardshut.o ABSOLUTE
    ../clib/angel/dclz77c.s                  0x00000000   Number         0  __dclz77c.o ABSOLUTE
    ../clib/angel/handlers.s                 0x00000000   Number         0  __scatter_zi.o ABSOLUTE
    ../clib/angel/kernel.s                   0x00000000   Number         0  __rtentry4.o ABSOLUTE
    ../clib/angel/kernel.s                   0x00000000   Number         0  rtexit2.o ABSOLUTE
    ../clib/angel/kernel.s                   0x00000000   Number         0  __rtentry2.o ABSOLUTE
    ../clib/angel/kernel.s                   0x00000000   Number         0  __rtentry.o ABSOLUTE
    ../clib/angel/kernel.s                   0x00000000   Number         0  rtexit.o ABSOLUTE
    ../clib/angel/rt.s                       0x00000000   Number         0  rt_raise.o ABSOLUTE
    ../clib/angel/scatter.s                  0x00000000   Number         0  __scatter.o ABSOLUTE
    ../clib/angel/startup.s                  0x00000000   Number         0  __main.o ABSOLUTE
    ../clib/angel/sys.s                      0x00000000   Number         0  libspace.o ABSOLUTE
    ../clib/angel/sys.s                      0x00000000   Number         0  use_no_semi.o ABSOLUTE
    ../clib/angel/sys.s                      0x00000000   Number         0  indicate_semi.o ABSOLUTE
    ../clib/angel/sys.s                      0x00000000   Number         0  sys_stackheap_outer.o ABSOLUTE
    ../clib/angel/sysapp.c                   0x00000000   Number         0  sys_exit.o ABSOLUTE
    ../clib/angel/sysapp.c                   0x00000000   Number         0  sys_command.o ABSOLUTE
    ../clib/angel/sysapp.c                   0x00000000   Number         0  sys_wrch.o ABSOLUTE
    ../clib/armsys.c                         0x00000000   Number         0  no_argv.o ABSOLUTE
    ../clib/armsys.c                         0x00000000   Number         0  argv_veneer.o ABSOLUTE
    ../clib/armsys.c                         0x00000000   Number         0  argv_veneer.o ABSOLUTE
    ../clib/armsys.c                         0x00000000   Number         0  _get_argv_nomalloc.o ABSOLUTE
    ../clib/heapalloc.c                      0x00000000   Number         0  hrguard.o ABSOLUTE
    ../clib/heapaux.c                        0x00000000   Number         0  heapauxi.o ABSOLUTE
    ../clib/libinit.s                        0x00000000   Number         0  libshutdown.o ABSOLUTE
    ../clib/libinit.s                        0x00000000   Number         0  libinit.o ABSOLUTE
    ../clib/libinit.s                        0x00000000   Number         0  libshutdown2.o ABSOLUTE
    ../clib/libinit.s                        0x00000000   Number         0  libinit2.o ABSOLUTE
    ../clib/signal.c                         0x00000000   Number         0  defsig_rtmem_inner.o ABSOLUTE
    ../clib/signal.c                         0x00000000   Number         0  defsig_rtmem_outer.o ABSOLUTE
    ../clib/signal.c                         0x00000000   Number         0  __raise.o ABSOLUTE
    ../clib/signal.c                         0x00000000   Number         0  defsig_rtred_inner.o ABSOLUTE
    ../clib/signal.c                         0x00000000   Number         0  defsig_pvfn_inner.o ABSOLUTE
    ../clib/signal.c                         0x00000000   Number         0  defsig_fpe_inner.o ABSOLUTE
    ../clib/signal.c                         0x00000000   Number         0  defsig_abrt_inner.o ABSOLUTE
    ../clib/signal.c                         0x00000000   Number         0  defsig_exit.o ABSOLUTE
    ../clib/signal.c                         0x00000000   Number         0  defsig_cppl_inner.o ABSOLUTE
    ../clib/signal.c                         0x00000000   Number         0  defsig_segv_inner.o ABSOLUTE
    ../clib/signal.c                         0x00000000   Number         0  defsig_other.o ABSOLUTE
    ../clib/signal.c                         0x00000000   Number         0  defsig_rtmem_formal.o ABSOLUTE
    ../clib/signal.c                         0x00000000   Number         0  defsig_general.o ABSOLUTE
    ../clib/signal.c                         0x00000000   Number         0  defsig_stak_inner.o ABSOLUTE
    ../clib/signal.s                         0x00000000   Number         0  defsig.o ABSOLUTE
    ../clib/stdlib.c                         0x00000000   Number         0  exit.o ABSOLUTE
    ../fplib/daddsub.s                       0x00000000   Number         0  daddsub_clz.o ABSOLUTE
    ../fplib/ddiv.s                          0x00000000   Number         0  ddiv.o ABSOLUTE
    ../fplib/dfix.s                          0x00000000   Number         0  dfix.o ABSOLUTE
    ../fplib/dfixu.s                         0x00000000   Number         0  dfixu.o ABSOLUTE
    ../fplib/dflt.s                          0x00000000   Number         0  dflt_clz.o ABSOLUTE
    ../fplib/dmul.s                          0x00000000   Number         0  dmul.o ABSOLUTE
    ../fplib/dnaninf.s                       0x00000000   Number         0  dnaninf.o ABSOLUTE
    ../fplib/dretinf.s                       0x00000000   Number         0  dretinf.o ABSOLUTE
    ../fplib/fpinit.s                        0x00000000   Number         0  fpinit.o ABSOLUTE
    ../fplib/usenofp.s                       0x00000000   Number         0  usenofp.o ABSOLUTE
    RTE\Device\TM4C123GH6PM\startup_TM4C123.s 0x00000000   Number         0  startup_tm4c123.o ABSOLUTE
    RTE\Device\TM4C123GH6PM\system_TM4C123.c 0x00000000   Number         0  system_tm4c123.o ABSOLUTE
    RTE\\Device\\TM4C123GH6PM\\system_TM4C123.c 0x00000000   Number         0  system_tm4c123.o ABSOLUTE
    cpu.c                                    0x00000000   Number         0  cpu.o ABSOLUTE
    cpu.c                                    0x00000000   Number         0  cpu.o ABSOLUTE
    dc.s                                     0x00000000   Number         0  dc.o ABSOLUTE
    interrupt.c                              0x00000000   Number         0  interrupt.o ABSOLUTE
    main.c                                   0x00000000   Number         0  main.o ABSOLUTE
    main.c                                   0x00000000   Number         0  main.o ABSOLUTE
    main.c                                   0x00000000   Number         0  main.o ABSOLUTE
    sysctl.c                                 0x00000000   Number         0  sysctl.o ABSOLUTE
    sysctl.c                                 0x00000000   Number         0  sysctl.o ABSOLUTE
    !!!main                                  0x0000026c   Section        8  __main.o(!!!main)
    !!!scatter                               0x00000274   Section       52  __scatter.o(!!!scatter)
    !!dclz77c                                0x000002a8   Section      100  __dclz77c.o(!!dclz77c)
    !!handler_zi                             0x0000030c   Section       28  __scatter_zi.o(!!handler_zi)
    .ARM.Collect$$libinit$$00000000          0x00000328   Section        2  libinit.o(.ARM.Collect$$libinit$$00000000)
    .ARM.Collect$$libinit$$00000001          0x0000032a   Section        4  libinit2.o(.ARM.Collect$$libinit$$00000001)
    .ARM.Collect$$libinit$$00000004          0x0000032e   Section        0  libinit2.o(.ARM.Collect$$libinit$$00000004)
    .ARM.Collect$$libinit$$0000000A          0x0000032e   Section        0  libinit2.o(.ARM.Collect$$libinit$$0000000A)
    .ARM.Collect$$libinit$$0000000C          0x0000032e   Section        0  libinit2.o(.ARM.Collect$$libinit$$0000000C)
    .ARM.Collect$$libinit$$0000000E          0x0000032e   Section        0  libinit2.o(.ARM.Collect$$libinit$$0000000E)
    .ARM.Collect$$libinit$$00000011          0x0000032e   Section        0  libinit2.o(.ARM.Collect$$libinit$$00000011)
    .ARM.Collect$$libinit$$00000013          0x0000032e   Section        0  libinit2.o(.ARM.Collect$$libinit$$00000013)
    .ARM.Collect$$libinit$$00000015          0x0000032e   Section        0  libinit2.o(.ARM.Collect$$libinit$$00000015)
    .ARM.Collect$$libinit$$00000017          0x0000032e   Section        0  libinit2.o(.ARM.Collect$$libinit$$00000017)
    .ARM.Collect$$libinit$$00000019          0x0000032e   Section        0  libinit2.o(.ARM.Collect$$libinit$$00000019)
    .ARM.Collect$$libinit$$0000001B          0x0000032e   Section        0  libinit2.o(.ARM.Collect$$libinit$$0000001B)
    .ARM.Collect$$libinit$$0000001D          0x0000032e   Section        0  libinit2.o(.ARM.Collect$$libinit$$0000001D)
    .ARM.Collect$$libinit$$0000001F          0x0000032e   Section        0  libinit2.o(.ARM.Collect$$libinit$$0000001F)
    .ARM.Collect$$libinit$$00000021          0x0000032e   Section        0  libinit2.o(.ARM.Collect$$libinit$$00000021)
    .ARM.Collect$$libinit$$00000023          0x0000032e   Section        0  libinit2.o(.ARM.Collect$$libinit$$00000023)
    .ARM.Collect$$libinit$$00000025          0x0000032e   Section        0  libinit2.o(.ARM.Collect$$libinit$$00000025)
    .ARM.Collect$$libinit$$0000002C          0x0000032e   Section        0  libinit2.o(.ARM.Collect$$libinit$$0000002C)
    .ARM.Collect$$libinit$$0000002E          0x0000032e   Section        0  libinit2.o(.ARM.Collect$$libinit$$0000002E)
    .ARM.Collect$$libinit$$00000030          0x0000032e   Section        0  libinit2.o(.ARM.Collect$$libinit$$00000030)
    .ARM.Collect$$libinit$$00000032          0x0000032e   Section        0  libinit2.o(.ARM.Collect$$libinit$$00000032)
    .ARM.Collect$$libinit$$00000033          0x0000032e   Section        2  libinit2.o(.ARM.Collect$$libinit$$00000033)
    .ARM.Collect$$libshutdown$$00000000      0x00000330   Section        2  libshutdown.o(.ARM.Collect$$libshutdown$$00000000)
    .ARM.Collect$$libshutdown$$00000002      0x00000332   Section        0  libshutdown2.o(.ARM.Collect$$libshutdown$$00000002)
    .ARM.Collect$$libshutdown$$00000004      0x00000332   Section        0  libshutdown2.o(.ARM.Collect$$libshutdown$$00000004)
    .ARM.Collect$$libshutdown$$00000007      0x00000332   Section        0  libshutdown2.o(.ARM.Collect$$libshutdown$$00000007)
    .ARM.Collect$$libshutdown$$0000000A      0x00000332   Section        0  libshutdown2.o(.ARM.Collect$$libshutdown$$0000000A)
    .ARM.Collect$$libshutdown$$0000000C      0x00000332   Section        0  libshutdown2.o(.ARM.Collect$$libshutdown$$0000000C)
    .ARM.Collect$$libshutdown$$0000000F      0x00000332   Section        0  libshutdown2.o(.ARM.Collect$$libshutdown$$0000000F)
    .ARM.Collect$$libshutdown$$00000010      0x00000332   Section        2  libshutdown2.o(.ARM.Collect$$libshutdown$$00000010)
    .ARM.Collect$$rtentry$$00000000          0x00000334   Section        0  __rtentry.o(.ARM.Collect$$rtentry$$00000000)
    .ARM.Collect$$rtentry$$00000002          0x00000334   Section        0  __rtentry2.o(.ARM.Collect$$rtentry$$00000002)
    .ARM.Collect$$rtentry$$00000004          0x00000334   Section        6  __rtentry4.o(.ARM.Collect$$rtentry$$00000004)
    .ARM.Collect$$rtentry$$00000009          0x0000033a   Section        0  __rtentry2.o(.ARM.Collect$$rtentry$$00000009)
    .ARM.Collect$$rtentry$$0000000A          0x0000033a   Section        4  __rtentry2.o(.ARM.Collect$$rtentry$$0000000A)
    .ARM.Collect$$rtentry$$0000000C          0x0000033e   Section        0  __rtentry2.o(.ARM.Collect$$rtentry$$0000000C)
    .ARM.Collect$$rtentry$$0000000D          0x0000033e   Section        8  __rtentry2.o(.ARM.Collect$$rtentry$$0000000D)
    .ARM.Collect$$rtexit$$00000000           0x00000346   Section        2  rtexit.o(.ARM.Collect$$rtexit$$00000000)
    .ARM.Collect$$rtexit$$00000002           0x00000348   Section        0  rtexit2.o(.ARM.Collect$$rtexit$$00000002)
    .ARM.Collect$$rtexit$$00000003           0x00000348   Section        4  rtexit2.o(.ARM.Collect$$rtexit$$00000003)
    .ARM.Collect$$rtexit$$00000004           0x0000034c   Section        6  rtexit2.o(.ARM.Collect$$rtexit$$00000004)
    .emb_text                                0x00000354   Section        6  sysctl.o(.emb_text)
    $v0                                      0x00000354   Number         0  sysctl.o(.emb_text)
    .text                                    0x0000035c   Section      276  startup_tm4c123.o(.text)
    $v0                                      0x0000035c   Number         0  startup_tm4c123.o(.text)
    .text                                    0x00000470   Section        0  heapauxi.o(.text)
    .text                                    0x00000476   Section       74  sys_stackheap_outer.o(.text)
    .text                                    0x000004c0   Section        0  exit.o(.text)
    .text                                    0x000004d4   Section        8  libspace.o(.text)
    .text                                    0x000004dc   Section        0  sys_exit.o(.text)
    .text                                    0x000004e8   Section        2  use_no_semi.o(.text)
    .text                                    0x000004ea   Section        0  indicate_semi.o(.text)
    [Anonymous Symbol]                       0x000004ec   Section        0  main.o(.text.SetSysClock_80MHz)
    __arm_cp.0_0                             0x000004f4   Number         4  main.o(.text.SetSysClock_80MHz)
    i.Draw_Ball                              0x000004f8   Section        0  main.o(i.Draw_Ball)
    i.Draw_Left_Paddle                       0x00000528   Section        0  main.o(i.Draw_Left_Paddle)
    i.Draw_Left_Score                        0x00000570   Section        0  main.o(i.Draw_Left_Score)
    i.Draw_Right_Paddle                      0x000005ec   Section        0  main.o(i.Draw_Right_Paddle)
    i.Draw_Right_Score                       0x00000634   Section        0  main.o(i.Draw_Right_Score)
    i.Map_Paddle_80p_Range                   0x000006b0   Section        0  main.o(i.Map_Paddle_80p_Range)
    i.Print_CSI                              0x0000071c   Section        0  main.o(i.Print_CSI)
    i.Print_Message                          0x0000072c   Section        0  main.o(i.Print_Message)
    i.Print_Winner                           0x00000744   Section        0  main.o(i.Print_Winner)
    i.Set_Cursor_Position                    0x000007a4   Section        0  main.o(i.Set_Cursor_Position)
    i.Setup_Ball                             0x000007c8   Section        0  main.o(i.Setup_Ball)
    i.Setup_LED_Score                        0x00000850   Section        0  main.o(i.Setup_LED_Score)
    i.Setup_Potentiometers                   0x00000998   Section        0  main.o(i.Setup_Potentiometers)
    i.Setup_SysTick                          0x00000aec   Section        0  main.o(i.Setup_SysTick)
    i.SysCtlClockSet                         0x00000b40   Section        0  sysctl.o(i.SysCtlClockSet)
    i.SysTick_Handler                        0x00000c60   Section        0  main.o(i.SysTick_Handler)
    i.SystemInit                             0x00000d60   Section        0  system_tm4c123.o(i.SystemInit)
    i.TIMER0A_Handler                        0x00000df8   Section        0  main.o(i.TIMER0A_Handler)
    i.TIMER1A_Handler                        0x00000ef0   Section        0  main.o(i.TIMER1A_Handler)
    i.TIMER2A_Handler                        0x0000109c   Section        0  main.o(i.TIMER2A_Handler)
    i.U0_GpioSetup                           0x00001124   Section        0  main.o(i.U0_GpioSetup)
    i.U0_ReadChar                            0x00001184   Section        0  main.o(i.U0_ReadChar)
    i.U0_Setup                               0x0000119c   Section        0  main.o(i.U0_Setup)
    i.U0_WriteChar                           0x0000121c   Section        0  main.o(i.U0_WriteChar)
    i.Write_Num                              0x00001238   Section        0  main.o(i.Write_Num)
    i.main                                   0x00001270   Section        0  main.o(i.main)
    x$fpl$dadd                               0x00001348   Section      336  daddsub_clz.o(x$fpl$dadd)
    $v0                                      0x00001348   Number         0  daddsub_clz.o(x$fpl$dadd)
    _dadd1                                   0x00001359   Thumb Code     0  daddsub_clz.o(x$fpl$dadd)
    x$fpl$ddiv                               0x00001498   Section      688  ddiv.o(x$fpl$ddiv)
    $v0                                      0x00001498   Number         0  ddiv.o(x$fpl$ddiv)
    ddiv_entry                               0x0000149f   Thumb Code     0  ddiv.o(x$fpl$ddiv)
    x$fpl$dfix                               0x00001748   Section       94  dfix.o(x$fpl$dfix)
    $v0                                      0x00001748   Number         0  dfix.o(x$fpl$dfix)
    x$fpl$dfixu                              0x000017a8   Section       90  dfixu.o(x$fpl$dfixu)
    $v0                                      0x000017a8   Number         0  dfixu.o(x$fpl$dfixu)
    x$fpl$dfltu                              0x00001802   Section       38  dflt_clz.o(x$fpl$dfltu)
    $v0                                      0x00001802   Number         0  dflt_clz.o(x$fpl$dfltu)
    x$fpl$dmul                               0x00001828   Section      340  dmul.o(x$fpl$dmul)
    $v0                                      0x00001828   Number         0  dmul.o(x$fpl$dmul)
    x$fpl$dnaninf                            0x0000197c   Section      156  dnaninf.o(x$fpl$dnaninf)
    $v0                                      0x0000197c   Number         0  dnaninf.o(x$fpl$dnaninf)
    x$fpl$dretinf                            0x00001a18   Section       12  dretinf.o(x$fpl$dretinf)
    $v0                                      0x00001a18   Number         0  dretinf.o(x$fpl$dretinf)
    x$fpl$dsub                               0x00001a24   Section      468  daddsub_clz.o(x$fpl$dsub)
    $v0                                      0x00001a24   Number         0  daddsub_clz.o(x$fpl$dsub)
    _dsub1                                   0x00001a35   Thumb Code     0  daddsub_clz.o(x$fpl$dsub)
    x$fpl$fpinit                             0x00001bf8   Section       10  fpinit.o(x$fpl$fpinit)
    $v0                                      0x00001bf8   Number         0  fpinit.o(x$fpl$fpinit)
    x$fpl$usenofp                            0x00001c02   Section        0  usenofp.o(x$fpl$usenofp)
    .data                                    0x20000000   Section     1433  main.o(.data)
    .bss                                     0x2000059c   Section       96  libspace.o(.bss)
    HEAP                                     0x20000600   Section        0  startup_tm4c123.o(HEAP)
    STACK                                    0x20000600   Section      512  startup_tm4c123.o(STACK)
    Heap_Mem                                 0x20000600   Data           0  startup_tm4c123.o(HEAP)
    Stack_Mem                                0x20000600   Data         512  startup_tm4c123.o(STACK)
    __initial_sp                             0x20000800   Data           0  startup_tm4c123.o(STACK)

    Global Symbols

    Symbol Name                              Value     Ov Type        Size  Object(Section)

    BuildAttributes$$THM_ISAv4$E$P$D$K$B$S$7EM$VFPi3$EXTD16$VFPS$VFMA$PE$A:L22UL41UL21$X:L11$S22US41US21$IEEE1$IW$USESV6$~STKCKD$USESV7$~SHL$OTIME$ROPI$EBA8$UX$STANDARDLIB$REQ8$PRES8$EABIv2 0x00000000   Number         0  anon$$obj.o ABSOLUTE
    __ARM_use_no_argv                        0x00000000   Number         0  main.o ABSOLUTE
    __Vectors                                0x00000000   Data           4  startup_tm4c123.o(RESET)
    __ARM_exceptions_init                     - Undefined Weak Reference
    __alloca_initialize                       - Undefined Weak Reference
    __arm_preinit_                            - Undefined Weak Reference
    __cpp_initialize__aeabi_                  - Undefined Weak Reference
    __cxa_finalize                            - Undefined Weak Reference
    __rt_locale                               - Undefined Weak Reference
    __sigvec_lookup                           - Undefined Weak Reference
    _atexit_init                              - Undefined Weak Reference
    _call_atexit_fns                          - Undefined Weak Reference
    _clock_init                               - Undefined Weak Reference
    _fp_trap_init                             - Undefined Weak Reference
    _fp_trap_shutdown                         - Undefined Weak Reference
    _get_lc_collate                           - Undefined Weak Reference
    _get_lc_ctype                             - Undefined Weak Reference
    _get_lc_monetary                          - Undefined Weak Reference
    _get_lc_numeric                           - Undefined Weak Reference
    _get_lc_time                              - Undefined Weak Reference
    _getenv_init                              - Undefined Weak Reference
    _handle_redirection                       - Undefined Weak Reference
    _init_alloc                               - Undefined Weak Reference
    _init_user_alloc                          - Undefined Weak Reference
    _initio                                   - Undefined Weak Reference
    _rand_init                                - Undefined Weak Reference
    _signal_finish                            - Undefined Weak Reference
    _signal_init                              - Undefined Weak Reference
    _terminate_alloc                          - Undefined Weak Reference
    _terminate_user_alloc                     - Undefined Weak Reference
    _terminateio                              - Undefined Weak Reference
    __Vectors_End                            0x0000026c   Data           0  startup_tm4c123.o(RESET)
    __Vectors_Size                           0x0000026c   Number         0  startup_tm4c123.o ABSOLUTE
    __main                                   0x0000026d   Thumb Code     8  __main.o(!!!main)
    __scatterload                            0x00000275   Thumb Code     0  __scatter.o(!!!scatter)
    __scatterload_rt2                        0x00000275   Thumb Code    44  __scatter.o(!!!scatter)
    __scatterload_rt2_thumb_only             0x00000275   Thumb Code     0  __scatter.o(!!!scatter)
    __scatterload_null                       0x00000283   Thumb Code     0  __scatter.o(!!!scatter)
    __decompress                             0x000002a9   Thumb Code   100  __dclz77c.o(!!dclz77c)
    __decompress2                            0x000002a9   Thumb Code     0  __dclz77c.o(!!dclz77c)
    __scatterload_zeroinit                   0x0000030d   Thumb Code    28  __scatter_zi.o(!!handler_zi)
    __rt_lib_init                            0x00000329   Thumb Code     0  libinit.o(.ARM.Collect$$libinit$$00000000)
    __rt_lib_init_fp_1                       0x0000032b   Thumb Code     0  libinit2.o(.ARM.Collect$$libinit$$00000001)
    __rt_lib_init_alloca_1                   0x0000032f   Thumb Code     0  libinit2.o(.ARM.Collect$$libinit$$0000002E)
    __rt_lib_init_argv_1                     0x0000032f   Thumb Code     0  libinit2.o(.ARM.Collect$$libinit$$0000002C)
    __rt_lib_init_atexit_1                   0x0000032f   Thumb Code     0  libinit2.o(.ARM.Collect$$libinit$$0000001B)
    __rt_lib_init_clock_1                    0x0000032f   Thumb Code     0  libinit2.o(.ARM.Collect$$libinit$$00000021)
    __rt_lib_init_cpp_1                      0x0000032f   Thumb Code     0  libinit2.o(.ARM.Collect$$libinit$$00000032)
    __rt_lib_init_exceptions_1               0x0000032f   Thumb Code     0  libinit2.o(.ARM.Collect$$libinit$$00000030)
    __rt_lib_init_fp_trap_1                  0x0000032f   Thumb Code     0  libinit2.o(.ARM.Collect$$libinit$$0000001F)
    __rt_lib_init_getenv_1                   0x0000032f   Thumb Code     0  libinit2.o(.ARM.Collect$$libinit$$00000023)
    __rt_lib_init_heap_1                     0x0000032f   Thumb Code     0  libinit2.o(.ARM.Collect$$libinit$$0000000A)
    __rt_lib_init_lc_collate_1               0x0000032f   Thumb Code     0  libinit2.o(.ARM.Collect$$libinit$$00000011)
    __rt_lib_init_lc_ctype_1                 0x0000032f   Thumb Code     0  libinit2.o(.ARM.Collect$$libinit$$00000013)
    __rt_lib_init_lc_monetary_1              0x0000032f   Thumb Code     0  libinit2.o(.ARM.Collect$$libinit$$00000015)
    __rt_lib_init_lc_numeric_1               0x0000032f   Thumb Code     0  libinit2.o(.ARM.Collect$$libinit$$00000017)
    __rt_lib_init_lc_time_1                  0x0000032f   Thumb Code     0  libinit2.o(.ARM.Collect$$libinit$$00000019)
    __rt_lib_init_preinit_1                  0x0000032f   Thumb Code     0  libinit2.o(.ARM.Collect$$libinit$$00000004)
    __rt_lib_init_rand_1                     0x0000032f   Thumb Code     0  libinit2.o(.ARM.Collect$$libinit$$0000000E)
    __rt_lib_init_return                     0x0000032f   Thumb Code     0  libinit2.o(.ARM.Collect$$libinit$$00000033)
    __rt_lib_init_signal_1                   0x0000032f   Thumb Code     0  libinit2.o(.ARM.Collect$$libinit$$0000001D)
    __rt_lib_init_stdio_1                    0x0000032f   Thumb Code     0  libinit2.o(.ARM.Collect$$libinit$$00000025)
    __rt_lib_init_user_alloc_1               0x0000032f   Thumb Code     0  libinit2.o(.ARM.Collect$$libinit$$0000000C)
    __rt_lib_shutdown                        0x00000331   Thumb Code     0  libshutdown.o(.ARM.Collect$$libshutdown$$00000000)
    __rt_lib_shutdown_cpp_1                  0x00000333   Thumb Code     0  libshutdown2.o(.ARM.Collect$$libshutdown$$00000002)
    __rt_lib_shutdown_fp_trap_1              0x00000333   Thumb Code     0  libshutdown2.o(.ARM.Collect$$libshutdown$$00000007)
    __rt_lib_shutdown_heap_1                 0x00000333   Thumb Code     0  libshutdown2.o(.ARM.Collect$$libshutdown$$0000000F)
    __rt_lib_shutdown_return                 0x00000333   Thumb Code     0  libshutdown2.o(.ARM.Collect$$libshutdown$$00000010)
    __rt_lib_shutdown_signal_1               0x00000333   Thumb Code     0  libshutdown2.o(.ARM.Collect$$libshutdown$$0000000A)
    __rt_lib_shutdown_stdio_1                0x00000333   Thumb Code     0  libshutdown2.o(.ARM.Collect$$libshutdown$$00000004)
    __rt_lib_shutdown_user_alloc_1           0x00000333   Thumb Code     0  libshutdown2.o(.ARM.Collect$$libshutdown$$0000000C)
    __rt_entry                               0x00000335   Thumb Code     0  __rtentry.o(.ARM.Collect$$rtentry$$00000000)
    __rt_entry_presh_1                       0x00000335   Thumb Code     0  __rtentry2.o(.ARM.Collect$$rtentry$$00000002)
    __rt_entry_sh                            0x00000335   Thumb Code     0  __rtentry4.o(.ARM.Collect$$rtentry$$00000004)
    __rt_entry_li                            0x0000033b   Thumb Code     0  __rtentry2.o(.ARM.Collect$$rtentry$$0000000A)
    __rt_entry_postsh_1                      0x0000033b   Thumb Code     0  __rtentry2.o(.ARM.Collect$$rtentry$$00000009)
    __rt_entry_main                          0x0000033f   Thumb Code     0  __rtentry2.o(.ARM.Collect$$rtentry$$0000000D)
    __rt_entry_postli_1                      0x0000033f   Thumb Code     0  __rtentry2.o(.ARM.Collect$$rtentry$$0000000C)
    __rt_exit                                0x00000347   Thumb Code     0  rtexit.o(.ARM.Collect$$rtexit$$00000000)
    __rt_exit_ls                             0x00000349   Thumb Code     0  rtexit2.o(.ARM.Collect$$rtexit$$00000003)
    __rt_exit_prels_1                        0x00000349   Thumb Code     0  rtexit2.o(.ARM.Collect$$rtexit$$00000002)
    __rt_exit_exit                           0x0000034d   Thumb Code     0  rtexit2.o(.ARM.Collect$$rtexit$$00000004)
    SysCtlDelay                              0x00000355   Thumb Code     6  sysctl.o(.emb_text)
    Reset_Handler                            0x0000035d   Thumb Code     8  startup_tm4c123.o(.text)
    NMI_Handler                              0x00000365   Thumb Code     2  startup_tm4c123.o(.text)
    HardFault_Handler                        0x00000367   Thumb Code     2  startup_tm4c123.o(.text)
    MemManage_Handler                        0x00000369   Thumb Code     2  startup_tm4c123.o(.text)
    BusFault_Handler                         0x0000036b   Thumb Code     2  startup_tm4c123.o(.text)
    UsageFault_Handler                       0x0000036d   Thumb Code     2  startup_tm4c123.o(.text)
    SVC_Handler                              0x0000036f   Thumb Code     2  startup_tm4c123.o(.text)
    DebugMon_Handler                         0x00000371   Thumb Code     2  startup_tm4c123.o(.text)
    PendSV_Handler                           0x00000373   Thumb Code     2  startup_tm4c123.o(.text)
    GPIOA_Handler                            0x00000377   Thumb Code     2  startup_tm4c123.o(.text)
    GPIOB_Handler                            0x00000379   Thumb Code     2  startup_tm4c123.o(.text)
    GPIOC_Handler                            0x0000037b   Thumb Code     2  startup_tm4c123.o(.text)
    GPIOD_Handler                            0x0000037d   Thumb Code     2  startup_tm4c123.o(.text)
    GPIOE_Handler                            0x0000037f   Thumb Code     2  startup_tm4c123.o(.text)
    UART0_Handler                            0x00000381   Thumb Code     2  startup_tm4c123.o(.text)
    UART1_Handler                            0x00000383   Thumb Code     2  startup_tm4c123.o(.text)
    SSI0_Handler                             0x00000385   Thumb Code     2  startup_tm4c123.o(.text)
    I2C0_Handler                             0x00000387   Thumb Code     2  startup_tm4c123.o(.text)
    PMW0_FAULT_Handler                       0x00000389   Thumb Code     2  startup_tm4c123.o(.text)
    PWM0_0_Handler                           0x0000038b   Thumb Code     2  startup_tm4c123.o(.text)
    PWM0_1_Handler                           0x0000038d   Thumb Code     2  startup_tm4c123.o(.text)
    PWM0_2_Handler                           0x0000038f   Thumb Code     2  startup_tm4c123.o(.text)
    QEI0_Handler                             0x00000391   Thumb Code     2  startup_tm4c123.o(.text)
    ADC0SS0_Handler                          0x00000393   Thumb Code     2  startup_tm4c123.o(.text)
    ADC0SS1_Handler                          0x00000395   Thumb Code     2  startup_tm4c123.o(.text)
    ADC0SS2_Handler                          0x00000397   Thumb Code     2  startup_tm4c123.o(.text)
    ADC0SS3_Handler                          0x00000399   Thumb Code     2  startup_tm4c123.o(.text)
    WDT0_Handler                             0x0000039b   Thumb Code     2  startup_tm4c123.o(.text)
    TIMER0B_Handler                          0x0000039f   Thumb Code     2  startup_tm4c123.o(.text)
    TIMER1B_Handler                          0x000003a3   Thumb Code     2  startup_tm4c123.o(.text)
    TIMER2B_Handler                          0x000003a7   Thumb Code     2  startup_tm4c123.o(.text)
    COMP0_Handler                            0x000003a9   Thumb Code     2  startup_tm4c123.o(.text)
    COMP1_Handler                            0x000003ab   Thumb Code     2  startup_tm4c123.o(.text)
    COMP2_Handler                            0x000003ad   Thumb Code     2  startup_tm4c123.o(.text)
    SYSCTL_Handler                           0x000003af   Thumb Code     2  startup_tm4c123.o(.text)
    FLASH_Handler                            0x000003b1   Thumb Code     2  startup_tm4c123.o(.text)
    GPIOF_Handler                            0x000003b3   Thumb Code     2  startup_tm4c123.o(.text)
    GPIOG_Handler                            0x000003b5   Thumb Code     2  startup_tm4c123.o(.text)
    GPIOH_Handler                            0x000003b7   Thumb Code     2  startup_tm4c123.o(.text)
    UART2_Handler                            0x000003b9   Thumb Code     2  startup_tm4c123.o(.text)
    SSI1_Handler                             0x000003bb   Thumb Code     2  startup_tm4c123.o(.text)
    TIMER3A_Handler                          0x000003bd   Thumb Code     2  startup_tm4c123.o(.text)
    TIMER3B_Handler                          0x000003bf   Thumb Code     2  startup_tm4c123.o(.text)
    I2C1_Handler                             0x000003c1   Thumb Code     2  startup_tm4c123.o(.text)
    QEI1_Handler                             0x000003c3   Thumb Code     2  startup_tm4c123.o(.text)
    CAN0_Handler                             0x000003c5   Thumb Code     2  startup_tm4c123.o(.text)
    CAN1_Handler                             0x000003c7   Thumb Code     2  startup_tm4c123.o(.text)
    CAN2_Handler                             0x000003c9   Thumb Code     2  startup_tm4c123.o(.text)
    HIB_Handler                              0x000003cb   Thumb Code     2  startup_tm4c123.o(.text)
    USB0_Handler                             0x000003cd   Thumb Code     2  startup_tm4c123.o(.text)
    PWM0_3_Handler                           0x000003cf   Thumb Code     2  startup_tm4c123.o(.text)
    UDMA_Handler                             0x000003d1   Thumb Code     2  startup_tm4c123.o(.text)
    UDMAERR_Handler                          0x000003d3   Thumb Code     2  startup_tm4c123.o(.text)
    ADC1SS0_Handler                          0x000003d5   Thumb Code     2  startup_tm4c123.o(.text)
    ADC1SS1_Handler                          0x000003d7   Thumb Code     2  startup_tm4c123.o(.text)
    ADC1SS2_Handler                          0x000003d9   Thumb Code     2  startup_tm4c123.o(.text)
    ADC1SS3_Handler                          0x000003db   Thumb Code     2  startup_tm4c123.o(.text)
    GPIOJ_Handler                            0x000003dd   Thumb Code     2  startup_tm4c123.o(.text)
    GPIOK_Handler                            0x000003df   Thumb Code     2  startup_tm4c123.o(.text)
    GPIOL_Handler                            0x000003e1   Thumb Code     2  startup_tm4c123.o(.text)
    SSI2_Handler                             0x000003e3   Thumb Code     2  startup_tm4c123.o(.text)
    SSI3_Handler                             0x000003e5   Thumb Code     2  startup_tm4c123.o(.text)
    UART3_Handler                            0x000003e7   Thumb Code     2  startup_tm4c123.o(.text)
    UART4_Handler                            0x000003e9   Thumb Code     2  startup_tm4c123.o(.text)
    UART5_Handler                            0x000003eb   Thumb Code     2  startup_tm4c123.o(.text)
    UART6_Handler                            0x000003ed   Thumb Code     2  startup_tm4c123.o(.text)
    UART7_Handler                            0x000003ef   Thumb Code     2  startup_tm4c123.o(.text)
    I2C2_Handler                             0x000003f1   Thumb Code     2  startup_tm4c123.o(.text)
    I2C3_Handler                             0x000003f3   Thumb Code     2  startup_tm4c123.o(.text)
    TIMER4A_Handler                          0x000003f5   Thumb Code     2  startup_tm4c123.o(.text)
    TIMER4B_Handler                          0x000003f7   Thumb Code     2  startup_tm4c123.o(.text)
    TIMER5A_Handler                          0x000003f9   Thumb Code     2  startup_tm4c123.o(.text)
    TIMER5B_Handler                          0x000003fb   Thumb Code     2  startup_tm4c123.o(.text)
    WTIMER0A_Handler                         0x000003fd   Thumb Code     2  startup_tm4c123.o(.text)
    WTIMER0B_Handler                         0x000003ff   Thumb Code     2  startup_tm4c123.o(.text)
    WTIMER1A_Handler                         0x00000401   Thumb Code     2  startup_tm4c123.o(.text)
    WTIMER1B_Handler                         0x00000403   Thumb Code     2  startup_tm4c123.o(.text)
    WTIMER2A_Handler                         0x00000405   Thumb Code     2  startup_tm4c123.o(.text)
    WTIMER2B_Handler                         0x00000407   Thumb Code     2  startup_tm4c123.o(.text)
    WTIMER3A_Handler                         0x00000409   Thumb Code     2  startup_tm4c123.o(.text)
    WTIMER3B_Handler                         0x0000040b   Thumb Code     2  startup_tm4c123.o(.text)
    WTIMER4A_Handler                         0x0000040d   Thumb Code     2  startup_tm4c123.o(.text)
    WTIMER4B_Handler                         0x0000040f   Thumb Code     2  startup_tm4c123.o(.text)
    WTIMER5A_Handler                         0x00000411   Thumb Code     2  startup_tm4c123.o(.text)
    WTIMER5B_Handler                         0x00000413   Thumb Code     2  startup_tm4c123.o(.text)
    FPU_Handler                              0x00000415   Thumb Code     2  startup_tm4c123.o(.text)
    I2C4_Handler                             0x00000417   Thumb Code     2  startup_tm4c123.o(.text)
    I2C5_Handler                             0x00000419   Thumb Code     2  startup_tm4c123.o(.text)
    GPIOM_Handler                            0x0000041b   Thumb Code     2  startup_tm4c123.o(.text)
    GPION_Handler                            0x0000041d   Thumb Code     2  startup_tm4c123.o(.text)
    QEI2_Handler                             0x0000041f   Thumb Code     2  startup_tm4c123.o(.text)
    GPIOP0_Handler                           0x00000421   Thumb Code     2  startup_tm4c123.o(.text)
    GPIOP1_Handler                           0x00000423   Thumb Code     2  startup_tm4c123.o(.text)
    GPIOP2_Handler                           0x00000425   Thumb Code     2  startup_tm4c123.o(.text)
    GPIOP3_Handler                           0x00000427   Thumb Code     2  startup_tm4c123.o(.text)
    GPIOP4_Handler                           0x00000429   Thumb Code     2  startup_tm4c123.o(.text)
    GPIOP5_Handler                           0x0000042b   Thumb Code     2  startup_tm4c123.o(.text)
    GPIOP6_Handler                           0x0000042d   Thumb Code     2  startup_tm4c123.o(.text)
    GPIOP7_Handler                           0x0000042f   Thumb Code     2  startup_tm4c123.o(.text)
    GPIOQ0_Handler                           0x00000431   Thumb Code     2  startup_tm4c123.o(.text)
    GPIOQ1_Handler                           0x00000433   Thumb Code     2  startup_tm4c123.o(.text)
    GPIOQ2_Handler                           0x00000435   Thumb Code     2  startup_tm4c123.o(.text)
    GPIOQ3_Handler                           0x00000437   Thumb Code     2  startup_tm4c123.o(.text)
    GPIOQ4_Handler                           0x00000439   Thumb Code     2  startup_tm4c123.o(.text)
    GPIOQ5_Handler                           0x0000043b   Thumb Code     2  startup_tm4c123.o(.text)
    GPIOQ6_Handler                           0x0000043d   Thumb Code     2  startup_tm4c123.o(.text)
    GPIOQ7_Handler                           0x0000043f   Thumb Code     2  startup_tm4c123.o(.text)
    GPIOR_Handler                            0x00000441   Thumb Code     2  startup_tm4c123.o(.text)
    GPIOS_Handler                            0x00000443   Thumb Code     2  startup_tm4c123.o(.text)
    PMW1_0_Handler                           0x00000445   Thumb Code     2  startup_tm4c123.o(.text)
    PWM1_1_Handler                           0x00000447   Thumb Code     2  startup_tm4c123.o(.text)
    PWM1_2_Handler                           0x00000449   Thumb Code     2  startup_tm4c123.o(.text)
    PWM1_3_Handler                           0x0000044b   Thumb Code     2  startup_tm4c123.o(.text)
    PWM1_FAULT_Handler                       0x0000044d   Thumb Code     2  startup_tm4c123.o(.text)
    __user_initial_stackheap                 0x00000451   Thumb Code     0  startup_tm4c123.o(.text)
    __use_two_region_memory                  0x00000471   Thumb Code     2  heapauxi.o(.text)
    __rt_heap_escrow$2region                 0x00000473   Thumb Code     2  heapauxi.o(.text)
    __rt_heap_expand$2region                 0x00000475   Thumb Code     2  heapauxi.o(.text)
    __user_setup_stackheap                   0x00000477   Thumb Code    74  sys_stackheap_outer.o(.text)
    exit                                     0x000004c1   Thumb Code    18  exit.o(.text)
    __user_libspace                          0x000004d5   Thumb Code     8  libspace.o(.text)
    __user_perproc_libspace                  0x000004d5   Thumb Code     0  libspace.o(.text)
    __user_perthread_libspace                0x000004d5   Thumb Code     0  libspace.o(.text)
    _sys_exit                                0x000004dd   Thumb Code     8  sys_exit.o(.text)
    __I$use$semihosting                      0x000004e9   Thumb Code     0  use_no_semi.o(.text)
    __use_no_semihosting_swi                 0x000004e9   Thumb Code     2  use_no_semi.o(.text)
    __semihosting_library_function           0x000004eb   Thumb Code     0  indicate_semi.o(.text)
    SetSysClock_80MHz                        0x000004ed   Thumb Code    12  main.o(.text.SetSysClock_80MHz)
    Draw_Ball                                0x000004f9   Thumb Code    38  main.o(i.Draw_Ball)
    Draw_Left_Paddle                         0x00000529   Thumb Code    68  main.o(i.Draw_Left_Paddle)
    Draw_Left_Score                          0x00000571   Thumb Code    94  main.o(i.Draw_Left_Score)
    Draw_Right_Paddle                        0x000005ed   Thumb Code    68  main.o(i.Draw_Right_Paddle)
    Draw_Right_Score                         0x00000635   Thumb Code    94  main.o(i.Draw_Right_Score)
    Map_Paddle_80p_Range                     0x000006b1   Thumb Code    90  main.o(i.Map_Paddle_80p_Range)
    Print_CSI                                0x0000071d   Thumb Code    16  main.o(i.Print_CSI)
    Print_Message                            0x0000072d   Thumb Code    24  main.o(i.Print_Message)
    Print_Winner                             0x00000745   Thumb Code    86  main.o(i.Print_Winner)
    Set_Cursor_Position                      0x000007a5   Thumb Code    36  main.o(i.Set_Cursor_Position)
    Setup_Ball                               0x000007c9   Thumb Code   110  main.o(i.Setup_Ball)
    Setup_LED_Score                          0x00000851   Thumb Code   286  main.o(i.Setup_LED_Score)
    Setup_Potentiometers                     0x00000999   Thumb Code   302  main.o(i.Setup_Potentiometers)
    Setup_SysTick                            0x00000aed   Thumb Code    78  main.o(i.Setup_SysTick)
    SysCtlClockSet                           0x00000b41   Thumb Code   270  sysctl.o(i.SysCtlClockSet)
    SysTick_Handler                          0x00000c61   Thumb Code   226  main.o(i.SysTick_Handler)
    SystemInit                               0x00000d61   Thumb Code   112  system_tm4c123.o(i.SystemInit)
    TIMER0A_Handler                          0x00000df9   Thumb Code   210  main.o(i.TIMER0A_Handler)
    TIMER1A_Handler                          0x00000ef1   Thumb Code   386  main.o(i.TIMER1A_Handler)
    TIMER2A_Handler                          0x0000109d   Thumb Code   110  main.o(i.TIMER2A_Handler)
    U0_GpioSetup                             0x00001125   Thumb Code    82  main.o(i.U0_GpioSetup)
    U0_ReadChar                              0x00001185   Thumb Code    20  main.o(i.U0_ReadChar)
    U0_Setup                                 0x0000119d   Thumb Code   114  main.o(i.U0_Setup)
    U0_WriteChar                             0x0000121d   Thumb Code    22  main.o(i.U0_WriteChar)
    Write_Num                                0x00001239   Thumb Code    56  main.o(i.Write_Num)
    main                                     0x00001271   Thumb Code   170  main.o(i.main)
    __aeabi_dadd                             0x00001349   Thumb Code     0  daddsub_clz.o(x$fpl$dadd)
    _dadd                                    0x00001349   Thumb Code   332  daddsub_clz.o(x$fpl$dadd)
    __aeabi_ddiv                             0x00001499   Thumb Code     0  ddiv.o(x$fpl$ddiv)
    _ddiv                                    0x00001499   Thumb Code   552  ddiv.o(x$fpl$ddiv)
    __aeabi_d2iz                             0x00001749   Thumb Code     0  dfix.o(x$fpl$dfix)
    _dfix                                    0x00001749   Thumb Code    94  dfix.o(x$fpl$dfix)
    __aeabi_d2uiz                            0x000017a9   Thumb Code     0  dfixu.o(x$fpl$dfixu)
    _dfixu                                   0x000017a9   Thumb Code    90  dfixu.o(x$fpl$dfixu)
    __aeabi_ui2d                             0x00001803   Thumb Code     0  dflt_clz.o(x$fpl$dfltu)
    _dfltu                                   0x00001803   Thumb Code    38  dflt_clz.o(x$fpl$dfltu)
    __aeabi_dmul                             0x00001829   Thumb Code     0  dmul.o(x$fpl$dmul)
    _dmul                                    0x00001829   Thumb Code   332  dmul.o(x$fpl$dmul)
    __fpl_dnaninf                            0x0000197d   Thumb Code   156  dnaninf.o(x$fpl$dnaninf)
    __fpl_dretinf                            0x00001a19   Thumb Code    12  dretinf.o(x$fpl$dretinf)
    __aeabi_dsub                             0x00001a25   Thumb Code     0  daddsub_clz.o(x$fpl$dsub)
    _dsub                                    0x00001a25   Thumb Code   464  daddsub_clz.o(x$fpl$dsub)
    _fp_init                                 0x00001bf9   Thumb Code    10  fpinit.o(x$fpl$fpinit)
    __fplib_config_fpu_vfp                   0x00001c01   Thumb Code     0  fpinit.o(x$fpl$fpinit)
    __fplib_config_pureend_doubles           0x00001c01   Thumb Code     0  fpinit.o(x$fpl$fpinit)
    __I$use$fp                               0x00001c02   Number         0  usenofp.o(x$fpl$usenofp)
    Region$$Table$$Base                      0x00001c04   Number         0  anon$$obj.o(Region$$Table)
    Region$$Table$$Limit                     0x00001c24   Number         0  anon$$obj.o(Region$$Table)
    left_position                            0x20000000   Data           4  main.o(.data)
    right_position                           0x20000004   Data           4  main.o(.data)
    left_score                               0x20000008   Data           4  main.o(.data)
    right_score                              0x2000000c   Data           4  main.o(.data)
    ball_x                                   0x20000010   Data           4  main.o(.data)
    ball_x_diff                              0x20000014   Data           4  main.o(.data)
    ball_y                                   0x20000018   Data           4  main.o(.data)
    ball_y_diff                              0x2000001c   Data           4  main.o(.data)
    run                                      0x20000020   Data           1  main.o(.data)
    number_0                                 0x20000021   Data          70  main.o(.data)
    number_1                                 0x20000067   Data          70  main.o(.data)
    number_2                                 0x200000ad   Data          70  main.o(.data)
    number_3                                 0x200000f3   Data          70  main.o(.data)
    number_4                                 0x20000139   Data          70  main.o(.data)
    number_5                                 0x2000017f   Data          70  main.o(.data)
    red_won                                  0x200001c5   Data         490  main.o(.data)
    blue_won                                 0x200003af   Data         490  main.o(.data)
    __libspace_start                         0x2000059c   Data          96  libspace.o(.bss)
    __temporary_stack_top$libspace           0x200005fc   Data           0  libspace.o(.bss)



==============================================================================

Memory Map of the image

  Image Entry point : 0x0000035d

  Load Region LR_1 (Base: 0x00000000, Size: 0x000021c0, Max: 0xffffffff, ABSOLUTE, COMPRESSED[0x00001d78])

    Execution Region ER_RO (Exec base: 0x00000000, Load base: 0x00000000, Size: 0x00001c24, Max: 0xffffffff, ABSOLUTE)

    Exec Addr    Load Addr    Size         Type   Attr      Idx    E Section Name        Object

    0x00000000   0x00000000   0x0000026c   Data   RO          224    RESET               startup_tm4c123.o
    0x0000026c   0x0000026c   0x00000008   Code   RO          777  * !!!main             c_w.l(__main.o)
    0x00000274   0x00000274   0x00000034   Code   RO          967    !!!scatter          c_w.l(__scatter.o)
    0x000002a8   0x000002a8   0x00000064   Code   RO          965    !!dclz77c           c_w.l(__dclz77c.o)
    0x0000030c   0x0000030c   0x0000001c   Code   RO          969    !!handler_zi        c_w.l(__scatter_zi.o)
    0x00000328   0x00000328   0x00000002   Code   RO          835    .ARM.Collect$$libinit$$00000000  c_w.l(libinit.o)
    0x0000032a   0x0000032a   0x00000004   Code   RO          841    .ARM.Collect$$libinit$$00000001  c_w.l(libinit2.o)
    0x0000032e   0x0000032e   0x00000000   Code   RO          844    .ARM.Collect$$libinit$$00000004  c_w.l(libinit2.o)
    0x0000032e   0x0000032e   0x00000000   Code   RO          847    .ARM.Collect$$libinit$$0000000A  c_w.l(libinit2.o)
    0x0000032e   0x0000032e   0x00000000   Code   RO          849    .ARM.Collect$$libinit$$0000000C  c_w.l(libinit2.o)
    0x0000032e   0x0000032e   0x00000000   Code   RO          851    .ARM.Collect$$libinit$$0000000E  c_w.l(libinit2.o)
    0x0000032e   0x0000032e   0x00000000   Code   RO          854    .ARM.Collect$$libinit$$00000011  c_w.l(libinit2.o)
    0x0000032e   0x0000032e   0x00000000   Code   RO          856    .ARM.Collect$$libinit$$00000013  c_w.l(libinit2.o)
    0x0000032e   0x0000032e   0x00000000   Code   RO          858    .ARM.Collect$$libinit$$00000015  c_w.l(libinit2.o)
    0x0000032e   0x0000032e   0x00000000   Code   RO          860    .ARM.Collect$$libinit$$00000017  c_w.l(libinit2.o)
    0x0000032e   0x0000032e   0x00000000   Code   RO          862    .ARM.Collect$$libinit$$00000019  c_w.l(libinit2.o)
    0x0000032e   0x0000032e   0x00000000   Code   RO          864    .ARM.Collect$$libinit$$0000001B  c_w.l(libinit2.o)
    0x0000032e   0x0000032e   0x00000000   Code   RO          866    .ARM.Collect$$libinit$$0000001D  c_w.l(libinit2.o)
    0x0000032e   0x0000032e   0x00000000   Code   RO          868    .ARM.Collect$$libinit$$0000001F  c_w.l(libinit2.o)
    0x0000032e   0x0000032e   0x00000000   Code   RO          870    .ARM.Collect$$libinit$$00000021  c_w.l(libinit2.o)
    0x0000032e   0x0000032e   0x00000000   Code   RO          872    .ARM.Collect$$libinit$$00000023  c_w.l(libinit2.o)
    0x0000032e   0x0000032e   0x00000000   Code   RO          874    .ARM.Collect$$libinit$$00000025  c_w.l(libinit2.o)
    0x0000032e   0x0000032e   0x00000000   Code   RO          878    .ARM.Collect$$libinit$$0000002C  c_w.l(libinit2.o)
    0x0000032e   0x0000032e   0x00000000   Code   RO          880    .ARM.Collect$$libinit$$0000002E  c_w.l(libinit2.o)
    0x0000032e   0x0000032e   0x00000000   Code   RO          882    .ARM.Collect$$libinit$$00000030  c_w.l(libinit2.o)
    0x0000032e   0x0000032e   0x00000000   Code   RO          884    .ARM.Collect$$libinit$$00000032  c_w.l(libinit2.o)
    0x0000032e   0x0000032e   0x00000002   Code   RO          885    .ARM.Collect$$libinit$$00000033  c_w.l(libinit2.o)
    0x00000330   0x00000330   0x00000002   Code   RO          905    .ARM.Collect$$libshutdown$$00000000  c_w.l(libshutdown.o)
    0x00000332   0x00000332   0x00000000   Code   RO          918    .ARM.Collect$$libshutdown$$00000002  c_w.l(libshutdown2.o)
    0x00000332   0x00000332   0x00000000   Code   RO          920    .ARM.Collect$$libshutdown$$00000004  c_w.l(libshutdown2.o)
    0x00000332   0x00000332   0x00000000   Code   RO          923    .ARM.Collect$$libshutdown$$00000007  c_w.l(libshutdown2.o)
    0x00000332   0x00000332   0x00000000   Code   RO          926    .ARM.Collect$$libshutdown$$0000000A  c_w.l(libshutdown2.o)
    0x00000332   0x00000332   0x00000000   Code   RO          928    .ARM.Collect$$libshutdown$$0000000C  c_w.l(libshutdown2.o)
    0x00000332   0x00000332   0x00000000   Code   RO          931    .ARM.Collect$$libshutdown$$0000000F  c_w.l(libshutdown2.o)
    0x00000332   0x00000332   0x00000002   Code   RO          932    .ARM.Collect$$libshutdown$$00000010  c_w.l(libshutdown2.o)
    0x00000334   0x00000334   0x00000000   Code   RO          805    .ARM.Collect$$rtentry$$00000000  c_w.l(__rtentry.o)
    0x00000334   0x00000334   0x00000000   Code   RO          812    .ARM.Collect$$rtentry$$00000002  c_w.l(__rtentry2.o)
    0x00000334   0x00000334   0x00000006   Code   RO          824    .ARM.Collect$$rtentry$$00000004  c_w.l(__rtentry4.o)
    0x0000033a   0x0000033a   0x00000000   Code   RO          814    .ARM.Collect$$rtentry$$00000009  c_w.l(__rtentry2.o)
    0x0000033a   0x0000033a   0x00000004   Code   RO          815    .ARM.Collect$$rtentry$$0000000A  c_w.l(__rtentry2.o)
    0x0000033e   0x0000033e   0x00000000   Code   RO          817    .ARM.Collect$$rtentry$$0000000C  c_w.l(__rtentry2.o)
    0x0000033e   0x0000033e   0x00000008   Code   RO          818    .ARM.Collect$$rtentry$$0000000D  c_w.l(__rtentry2.o)
    0x00000346   0x00000346   0x00000002   Code   RO          839    .ARM.Collect$$rtexit$$00000000  c_w.l(rtexit.o)
    0x00000348   0x00000348   0x00000000   Code   RO          887    .ARM.Collect$$rtexit$$00000002  c_w.l(rtexit2.o)
    0x00000348   0x00000348   0x00000004   Code   RO          888    .ARM.Collect$$rtexit$$00000003  c_w.l(rtexit2.o)
    0x0000034c   0x0000034c   0x00000006   Code   RO          889    .ARM.Collect$$rtexit$$00000004  c_w.l(rtexit2.o)
    0x00000352   0x00000352   0x00000002   PAD
    0x00000354   0x00000354   0x00000006   Code   RO          278    .emb_text           SysClock.lib(sysctl.o)
    0x0000035a   0x0000035a   0x00000002   PAD
    0x0000035c   0x0000035c   0x00000114   Code   RO          225  * .text               startup_tm4c123.o
    0x00000470   0x00000470   0x00000006   Code   RO          775    .text               c_w.l(heapauxi.o)
    0x00000476   0x00000476   0x0000004a   Code   RO          826    .text               c_w.l(sys_stackheap_outer.o)
    0x000004c0   0x000004c0   0x00000012   Code   RO          828    .text               c_w.l(exit.o)
    0x000004d2   0x000004d2   0x00000002   PAD
    0x000004d4   0x000004d4   0x00000008   Code   RO          836    .text               c_w.l(libspace.o)
    0x000004dc   0x000004dc   0x0000000c   Code   RO          897    .text               c_w.l(sys_exit.o)
    0x000004e8   0x000004e8   0x00000002   Code   RO          908    .text               c_w.l(use_no_semi.o)
    0x000004ea   0x000004ea   0x00000000   Code   RO          910    .text               c_w.l(indicate_semi.o)
    0x000004ea   0x000004ea   0x00000002   PAD
    0x000004ec   0x000004ec   0x0000000c   Code   RO          271    .text.SetSysClock_80MHz  SysClock.lib(main.o)
    0x000004f8   0x000004f8   0x00000030   Code   RO            4    i.Draw_Ball         main.o
    0x00000528   0x00000528   0x00000048   Code   RO            5    i.Draw_Left_Paddle  main.o
    0x00000570   0x00000570   0x0000007c   Code   RO            6    i.Draw_Left_Score   main.o
    0x000005ec   0x000005ec   0x00000048   Code   RO            7    i.Draw_Right_Paddle  main.o
    0x00000634   0x00000634   0x0000007c   Code   RO            8    i.Draw_Right_Score  main.o
    0x000006b0   0x000006b0   0x0000006c   Code   RO            9    i.Map_Paddle_80p_Range  main.o
    0x0000071c   0x0000071c   0x00000010   Code   RO           10    i.Print_CSI         main.o
    0x0000072c   0x0000072c   0x00000018   Code   RO           11    i.Print_Message     main.o
    0x00000744   0x00000744   0x00000060   Code   RO           12    i.Print_Winner      main.o
    0x000007a4   0x000007a4   0x00000024   Code   RO           13    i.Set_Cursor_Position  main.o
    0x000007c8   0x000007c8   0x00000088   Code   RO           14    i.Setup_Ball        main.o
    0x00000850   0x00000850   0x00000148   Code   RO           15    i.Setup_LED_Score   main.o
    0x00000998   0x00000998   0x00000154   Code   RO           16    i.Setup_Potentiometers  main.o
    0x00000aec   0x00000aec   0x00000054   Code   RO           17    i.Setup_SysTick     main.o
    0x00000b40   0x00000b40   0x00000120   Code   RO          283    i.SysCtlClockSet    SysClock.lib(sysctl.o)
    0x00000c60   0x00000c60   0x00000100   Code   RO           18    i.SysTick_Handler   main.o
    0x00000d60   0x00000d60   0x00000098   Code   RO          233    i.SystemInit        system_tm4c123.o
    0x00000df8   0x00000df8   0x000000f8   Code   RO           19    i.TIMER0A_Handler   main.o
    0x00000ef0   0x00000ef0   0x000001ac   Code   RO           20    i.TIMER1A_Handler   main.o
    0x0000109c   0x0000109c   0x00000088   Code   RO           21    i.TIMER2A_Handler   main.o
    0x00001124   0x00001124   0x00000060   Code   RO           22    i.U0_GpioSetup      main.o
    0x00001184   0x00001184   0x00000018   Code   RO           23    i.U0_ReadChar       main.o
    0x0000119c   0x0000119c   0x00000080   Code   RO           24    i.U0_Setup          main.o
    0x0000121c   0x0000121c   0x0000001c   Code   RO           25    i.U0_WriteChar      main.o
    0x00001238   0x00001238   0x00000038   Code   RO           27    i.Write_Num         main.o
    0x00001270   0x00001270   0x000000d8   Code   RO           28    i.main              main.o
    0x00001348   0x00001348   0x00000150   Code   RO          779    x$fpl$dadd          fz_wm.l(daddsub_clz.o)
    0x00001498   0x00001498   0x000002b0   Code   RO          786    x$fpl$ddiv          fz_wm.l(ddiv.o)
    0x00001748   0x00001748   0x0000005e   Code   RO          789    x$fpl$dfix          fz_wm.l(dfix.o)
    0x000017a6   0x000017a6   0x00000002   PAD
    0x000017a8   0x000017a8   0x0000005a   Code   RO          793    x$fpl$dfixu         fz_wm.l(dfixu.o)
    0x00001802   0x00001802   0x00000026   Code   RO          797    x$fpl$dfltu         fz_wm.l(dflt_clz.o)
    0x00001828   0x00001828   0x00000154   Code   RO          803    x$fpl$dmul          fz_wm.l(dmul.o)
    0x0000197c   0x0000197c   0x0000009c   Code   RO          806    x$fpl$dnaninf       fz_wm.l(dnaninf.o)
    0x00001a18   0x00001a18   0x0000000c   Code   RO          808    x$fpl$dretinf       fz_wm.l(dretinf.o)
    0x00001a24   0x00001a24   0x000001d4   Code   RO          781    x$fpl$dsub          fz_wm.l(daddsub_clz.o)
    0x00001bf8   0x00001bf8   0x0000000a   Code   RO          895    x$fpl$fpinit        fz_wm.l(fpinit.o)
    0x00001c02   0x00001c02   0x00000000   Code   RO          810    x$fpl$usenofp       fz_wm.l(usenofp.o)
    0x00001c02   0x00001c02   0x00000002   PAD
    0x00001c04   0x00001c04   0x00000020   Data   RO          963    Region$$Table       anon$$obj.o


    Execution Region ER_RW (Exec base: 0x20000000, Load base: 0x00001c24, Size: 0x0000059c, Max: 0xffffffff, ABSOLUTE, COMPRESSED[0x00000154])

    Exec Addr    Load Addr    Size         Type   Attr      Idx    E Section Name        Object

    0x20000000   COMPRESSED   0x00000599   Data   RW           29    .data               main.o


    Execution Region ER_ZI (Exec base: 0x2000059c, Load base: 0x00001d78, Size: 0x00000264, Max: 0xffffffff, ABSOLUTE)

    Exec Addr    Load Addr    Size         Type   Attr      Idx    E Section Name        Object

    0x2000059c        -       0x00000060   Zero   RW          837    .bss                c_w.l(libspace.o)
    0x200005fc   0x00001d78   0x00000004   PAD
    0x20000600        -       0x00000000   Zero   RW          223    HEAP                startup_tm4c123.o
    0x20000600        -       0x00000200   Zero   RW          222    STACK               startup_tm4c123.o


==============================================================================

Image component sizes


      Code (inc. data)   RO Data    RW Data    ZI Data      Debug   Object Name

      3224        450          0       1433          0      21563   main.o
       276         24        620          0        512       5504   startup_tm4c123.o
       152         40          0          0          0        649   system_tm4c123.o

    ----------------------------------------------------------------------
      3652        514        652       1436        512      27716   Object Totals
         0          0         32          0          0          0   (incl. Generated)
         0          0          0          3          0          0   (incl. Padding)

    ----------------------------------------------------------------------

      Code (inc. data)   RO Data    RW Data    ZI Data      Debug   Library Member Name

        12          4          0          0          0        355   main.o
       294         18          0          0          0       4293   sysctl.o
       100          0          0          0          0          0   __dclz77c.o
         8          0          0          0          0         68   __main.o
         0          0          0          0          0          0   __rtentry.o
        12          0          0          0          0          0   __rtentry2.o
         6          0          0          0          0          0   __rtentry4.o
        52          8          0          0          0          0   __scatter.o
        28          0          0          0          0          0   __scatter_zi.o
        18          0          0          0          0         80   exit.o
         6          0          0          0          0        152   heapauxi.o
         0          0          0          0          0          0   indicate_semi.o
         2          0          0          0          0          0   libinit.o
         6          0          0          0          0          0   libinit2.o
         2          0          0          0          0          0   libshutdown.o
         2          0          0          0          0          0   libshutdown2.o
         8          4          0          0         96         68   libspace.o
         2          0          0          0          0          0   rtexit.o
        10          0          0          0          0          0   rtexit2.o
        12          4          0          0          0         68   sys_exit.o
        74          0          0          0          0         80   sys_stackheap_outer.o
         2          0          0          0          0         68   use_no_semi.o
       804         16          0          0          0        368   daddsub_clz.o
       688        140          0          0          0        256   ddiv.o
        94          4          0          0          0        140   dfix.o
        90          4          0          0          0        140   dfixu.o
        38          0          0          0          0        116   dflt_clz.o
       340         12          0          0          0        152   dmul.o
       156          4          0          0          0        140   dnaninf.o
        12          0          0          0          0        116   dretinf.o
        10          0          0          0          0        116   fpinit.o
         0          0          0          0          0          0   usenofp.o

    ----------------------------------------------------------------------
      2900        218          0          0        100       6776   Library Totals
        12          0          0          0          4          0   (incl. Padding)

    ----------------------------------------------------------------------

      Code (inc. data)   RO Data    RW Data    ZI Data      Debug   Library Name

       306         22          0          0          0       4648   SysClock.lib
       350         16          0          0         96        584   c_w.l
      2232        180          0          0          0       1544   fz_wm.l

    ----------------------------------------------------------------------
      2900        218          0          0        100       6776   Library Totals

    ----------------------------------------------------------------------

==============================================================================


      Code (inc. data)   RO Data    RW Data    ZI Data      Debug   

      6552        732        652       1436        612      31236   Grand Totals
      6552        732        652        340        612      31236   ELF Image Totals (compressed)
      6552        732        652        340          0          0   ROM Totals

==============================================================================

    Total RO  Size (Code + RO Data)                 7204 (   7.04kB)
    Total RW  Size (RW Data + ZI Data)              2048 (   2.00kB)
    Total ROM Size (Code + RO Data + RW Data)       7544 (   7.37kB)

==============================================================================

